###############################################################################
#
# IAR ELF Linker V7.40.7.9843/W32 for ARM                 09/Feb/2016  00:50:42
# Copyright 2007-2015 IAR Systems AB.
#
#    Output file  =  
#        F:\Google
#        Drive\GitHub\STM32F4-Project\STM32F4-Discovery_FW_V1.1.0\Project\Peripheral_Examples\Test
#        VCP from CooCox - OK! 11-12-2558\EWARM\Sender\Exe\IO_Toggle.out
#    Map file     =  
#        F:\Google
#        Drive\GitHub\STM32F4-Project\STM32F4-Discovery_FW_V1.1.0\Project\Peripheral_Examples\Test
#        VCP from CooCox - OK! 11-12-2558\EWARM\Sender\List\IO_Toggle.map
#    Command line =  
#        "F:\Google
#        Drive\GitHub\STM32F4-Project\STM32F4-Discovery_FW_V1.1.0\Project\Peripheral_Examples\Test
#        VCP from CooCox - OK! 11-12-2558\EWARM\Sender\Obj\main.o" "F:\Google
#        Drive\GitHub\STM32F4-Project\STM32F4-Discovery_FW_V1.1.0\Project\Peripheral_Examples\Test
#        VCP from CooCox - OK! 11-12-2558\EWARM\Sender\Obj\misc.o" "F:\Google
#        Drive\GitHub\STM32F4-Project\STM32F4-Discovery_FW_V1.1.0\Project\Peripheral_Examples\Test
#        VCP from CooCox - OK! 11-12-2558\EWARM\Sender\Obj\startup_stm32f4xx.o"
#        "F:\Google
#        Drive\GitHub\STM32F4-Project\STM32F4-Discovery_FW_V1.1.0\Project\Peripheral_Examples\Test
#        VCP from CooCox - OK! 11-12-2558\EWARM\Sender\Obj\stm32f4xx_exti.o"
#        "F:\Google
#        Drive\GitHub\STM32F4-Project\STM32F4-Discovery_FW_V1.1.0\Project\Peripheral_Examples\Test
#        VCP from CooCox - OK! 11-12-2558\EWARM\Sender\Obj\stm32f4xx_gpio.o"
#        "F:\Google
#        Drive\GitHub\STM32F4-Project\STM32F4-Discovery_FW_V1.1.0\Project\Peripheral_Examples\Test
#        VCP from CooCox - OK! 11-12-2558\EWARM\Sender\Obj\stm32f4xx_rcc.o"
#        "F:\Google
#        Drive\GitHub\STM32F4-Project\STM32F4-Discovery_FW_V1.1.0\Project\Peripheral_Examples\Test
#        VCP from CooCox - OK! 11-12-2558\EWARM\Sender\Obj\stm32f4xx_usart.o"
#        "F:\Google
#        Drive\GitHub\STM32F4-Project\STM32F4-Discovery_FW_V1.1.0\Project\Peripheral_Examples\Test
#        VCP from CooCox - OK! 11-12-2558\EWARM\Sender\Obj\system_stm32f4xx.o"
#        "F:\Google
#        Drive\GitHub\STM32F4-Project\STM32F4-Discovery_FW_V1.1.0\Project\Peripheral_Examples\Test
#        VCP from CooCox - OK! 11-12-2558\EWARM\Sender\Obj\usb_bsp.o"
#        "F:\Google
#        Drive\GitHub\STM32F4-Project\STM32F4-Discovery_FW_V1.1.0\Project\Peripheral_Examples\Test
#        VCP from CooCox - OK! 11-12-2558\EWARM\Sender\Obj\usb_core.o"
#        "F:\Google
#        Drive\GitHub\STM32F4-Project\STM32F4-Discovery_FW_V1.1.0\Project\Peripheral_Examples\Test
#        VCP from CooCox - OK! 11-12-2558\EWARM\Sender\Obj\usb_dcd.o"
#        "F:\Google
#        Drive\GitHub\STM32F4-Project\STM32F4-Discovery_FW_V1.1.0\Project\Peripheral_Examples\Test
#        VCP from CooCox - OK! 11-12-2558\EWARM\Sender\Obj\usb_dcd_int.o"
#        "F:\Google
#        Drive\GitHub\STM32F4-Project\STM32F4-Discovery_FW_V1.1.0\Project\Peripheral_Examples\Test
#        VCP from CooCox - OK! 11-12-2558\EWARM\Sender\Obj\usbd_cdc_core.o"
#        "F:\Google
#        Drive\GitHub\STM32F4-Project\STM32F4-Discovery_FW_V1.1.0\Project\Peripheral_Examples\Test
#        VCP from CooCox - OK! 11-12-2558\EWARM\Sender\Obj\usbd_cdc_vcp.o"
#        "F:\Google
#        Drive\GitHub\STM32F4-Project\STM32F4-Discovery_FW_V1.1.0\Project\Peripheral_Examples\Test
#        VCP from CooCox - OK! 11-12-2558\EWARM\Sender\Obj\usbd_core.o"
#        "F:\Google
#        Drive\GitHub\STM32F4-Project\STM32F4-Discovery_FW_V1.1.0\Project\Peripheral_Examples\Test
#        VCP from CooCox - OK! 11-12-2558\EWARM\Sender\Obj\usbd_desc.o"
#        "F:\Google
#        Drive\GitHub\STM32F4-Project\STM32F4-Discovery_FW_V1.1.0\Project\Peripheral_Examples\Test
#        VCP from CooCox - OK! 11-12-2558\EWARM\Sender\Obj\usbd_ioreq.o"
#        "F:\Google
#        Drive\GitHub\STM32F4-Project\STM32F4-Discovery_FW_V1.1.0\Project\Peripheral_Examples\Test
#        VCP from CooCox - OK! 11-12-2558\EWARM\Sender\Obj\usbd_req.o"
#        "F:\Google
#        Drive\GitHub\STM32F4-Project\STM32F4-Discovery_FW_V1.1.0\Project\Peripheral_Examples\Test
#        VCP from CooCox - OK! 11-12-2558\EWARM\Sender\Obj\usbd_usr.o"
#        --redirect _Printf=_PrintfFull --redirect _Scanf=_ScanfSmall -o
#        "F:\Google
#        Drive\GitHub\STM32F4-Project\STM32F4-Discovery_FW_V1.1.0\Project\Peripheral_Examples\Test
#        VCP from CooCox - OK! 11-12-2558\EWARM\Sender\Exe\IO_Toggle.out" --map
#        "F:\Google
#        Drive\GitHub\STM32F4-Project\STM32F4-Discovery_FW_V1.1.0\Project\Peripheral_Examples\Test
#        VCP from CooCox - OK! 11-12-2558\EWARM\Sender\List\IO_Toggle.map"
#        --config "F:\Google
#        Drive\GitHub\STM32F4-Project\STM32F4-Discovery_FW_V1.1.0\Project\Peripheral_Examples\Test
#        VCP from CooCox - OK! 11-12-2558\EWARM\stm32f4xx_flash.icf"
#        --semihosting --entry __iar_program_start --vfe
#
###############################################################################

*******************************************************************************
*** RUNTIME MODEL ATTRIBUTES
***

CppFlavor                     = *
__Heap_Handler                = DLMalloc
__SystemLibrary               = DLib
__dlib_dynamic_initialization = normal


*******************************************************************************
*** PLACEMENT SUMMARY
***

"A1":  place at 0x08000000 { ro section .intvec };
"P1":  place in [from 0x08000000 to 0x080fffff] { ro };
"P2":  place in [from 0x20000000 to 0x20020000] { rw, block CSTACK, block HEAP };

  Section             Kind        Address    Size  Object
  -------             ----        -------    ----  ------
"A1":                                       0x188
  .intvec             ro code  0x08000000   0x188  startup_stm32f4xx.o [1]
                             - 0x08000188   0x188

"P1":                                      0x5f3a
  .text               ro code  0x08000188  0x152c  dlmalloc.o [3]
  .text               ro code  0x080016b4     0x6  abort.o [3]
  .text               ro code  0x080016ba     0xe  usbd_usr.o [1]
  .text               ro code  0x080016c8    0x2c  xgetmemchunk.o [3]
  .text               ro code  0x080016f4     0x6  ABImemclr.o [5]
  .text               ro code  0x080016fc    0x14  exit.o [6]
  .text               ro code  0x08001710    0x5e  ABImemset.o [5]
  .text               ro code  0x08001770    0x6c  iarttio.o [6]
  .text               ro code  0x080017dc     0x8  XShttio.o [3]
  .text               ro code  0x080017e4  0x1152  xprintffull.o [3]
  .text               ro code  0x08002936    0x20  xmbtowc.o [3]
  .text               ro code  0x08002958    0x16  strchr.o [5]
  .text               ro code  0x08002970    0x36  strlen.o [5]
  .text               ro code  0x080029a8    0x58  memchr.o [5]
  .text               ro code  0x08002a00     0xa  xmbcurmax.o [3]
  .text               ro code  0x08002a0a    0x1a  xwctomb.o [3]
  .text               ro code  0x08002a24    0x76  ABImemcpy_unaligned.o [5]
  .text               ro code  0x08002a9c    0xee  I64DivMod.o [5]
  .text               ro code  0x08002b8a    0x42  xdnorm.o [4]
  .text               ro code  0x08002bcc    0x2e  DblCmpLe.o [4]
  .text               ro code  0x08002bfc    0x2e  DblCmpGe.o [4]
  .text               ro code  0x08002c2c   0x10c  xdscale.o [4]
  .text               ro code  0x08002d38    0x58  DblToI32.o [4]
  .text               ro code  0x08002d90    0x30  I32ToDbl.o [4]
  .text               ro code  0x08002dc0   0x180  DblSub.o [4]
  .text               ro code  0x08002f40   0x1a2  DblMul.o [4]
  .text               ro code  0x080030e4   0x256  DblDiv.o [4]
  .text               ro code  0x0800333c    0x6c  localeconv.o [3]
  .text               ro code  0x080033a8     0xe  div.o [3]
  .text               ro code  0x080033b8    0x24  setlocale.o [3]
  .text               ro code  0x080033dc    0x60  xencoding_sb.o [3]
  .text               ro code  0x0800343c     0x2  I64DivZer.o [5]
  .text               ro code  0x08003440    0xd4  DblAdd.o [4]
  .text               ro code  0x08003514     0x2  xtls.o [3]
  .text               ro code  0x08003518   0x7e4  usb_core.o [1]
  .text               ro code  0x08003cfc    0xe8  usb_bsp.o [1]
  .text               ro code  0x08003de4    0x58  stm32f4xx_rcc.o [1]
  .text               ro code  0x08003e3c    0x94  stm32f4xx_gpio.o [1]
  .text               ro code  0x08003ed0    0x10  stm32f4xx_exti.o [1]
  .text               ro code  0x08003ee0    0x78  misc.o [1]
  .text               ro code  0x08003f58   0x44a  usb_dcd_int.o [1]
  .text               ro code  0x080043a4   0x3c4  usbd_req.o [1]
  .text               ro code  0x08004768   0x1bc  usb_dcd.o [1]
  .text               ro code  0x08004924    0x7a  usbd_ioreq.o [1]
  .text               ro code  0x0800499e   0x22e  usbd_core.o [1]
  .text               ro code  0x08004bcc   0x330  main.o [1]
  .text               ro code  0x08004efc    0xe0  system_stm32f4xx.o [1]
  .text               ro code  0x08004fdc    0xdc  usbd_cdc_vcp.o [1]
  .text               ro code  0x080050b8    0x1c  strcat.o [3]
  .text               ro code  0x080050d4   0x198  xstoul.o [3]
  .text               ro code  0x0800526c    0x24  printf.o [3]
  .text               ro code  0x08005290    0x14  isxxx.o [3]
  .text               ro code  0x080052a4    0x14  tolower.o [3]
  .text               ro code  0x080052b8     0xc  errno.o [3]
  .text               ro code  0x080052c4    0x14  xlocale_c.o [3]
  .text               ro code  0x080052d8     0xc  xlocale_c.o [3]
  .text               ro code  0x080052e4   0x23c  usbd_cdc_core.o [1]
  .text               ro code  0x08005520   0x150  startup_stm32f4xx.o [1]
  .text               ro code  0x08005670   0x10c  usbd_desc.o [1]
  .text               ro code  0x0800577c    0xe0  XShHandles.o [3]
  .text               ro code  0x0800585c    0xd6  xfspos.o [3]
  .text               ro code  0x08005934    0xb0  fflush.o [3]
  .text               ro code  0x080059e4     0xa  xfgpos.o [3]
  .text               ro code  0x080059ee    0x4c  lseek.o [6]
  .text               ro code  0x08005a3a     0x4  xsyslock_nop.o [3]
  .text               ro code  0x08005a3e    0x10  write.o [6]
  .text               ro code  0x08005a4e    0x1e  dwrite.o [6]
  .text               ro code  0x08005a6c    0x20  iarwstd.o [6]
  .text               ro code  0x08005a8c    0x22  iarwrite.o [6]
  .text               ro code  0x08005aae    0xd0  packbits_init.o [5]
  .text               ro code  0x08005b7e    0xb6  xfwprep.o [3]
  .text               ro code  0x08005c34    0x22  fseek.o [3]
  .text               ro code  0x08005c58    0x7c  xfofind.o [3]
  .text               ro code  0x08005cd4    0x7a  fclose.o [3]
  .text               ro code  0x08005d4e    0x1a  close.o [6]
  .text               ro code  0x08005d68    0x16  remove.o [6]
  .text               ro code  0x08005d80    0x58  xcloseall.o [3]
  .text               ro code  0x08005dd8    0x56  fputc.o [3]
  .text               ro code  0x08005e2e    0x40  zero_init3.o [5]
  .text               ro code  0x08005e70    0x28  data_init.o [5]
  .iar.init_table     const    0x08005e98    0x2c  - Linker created -
  .text               ro code  0x08005ec4    0x1a  cmain.o [5]
  .text               ro code  0x08005ede     0x4  low_level_init.o [3]
  .text               ro code  0x08005ee2     0x4  exit.o [3]
  .text               ro code  0x08005ee8     0xe  cexit.o [5]
  .text               ro code  0x08005ef6    0x16  xprout.o [3]
  .text               ro code  0x08005f0c     0xc  putchar.o [3]
  .text               ro code  0x08005f18     0xc  cstartup_M.o [5]
  .text               ro code  0x08005f24     0x0  cstart_closeall.o [5]
  .rodata             const    0x08005f24     0x0  zero_init3.o [5]
  .rodata             const    0x08005f24     0x0  packbits_init.o [5]
  Initializer bytes   const    0x08005f24   0x19e  <for P2 s0>
                             - 0x080060c2  0x5f3a

"P2":                                      0x1b48
  P2 s0                        0x20000000   0x31c  <Init block>
    __DLIB_PERTHREAD  inited   0x20000000    0x88  localeconv.o [3]
    __DLIB_PERTHREAD  inited   0x20000088    0x74  setlocale.o [3]
    .data             inited   0x200000fc    0x58  usbd_cdc_core.o [1]
    .data             inited   0x20000154    0x40  xfiles.o [3]
    .data             inited   0x20000194    0x40  xfiles.o [3]
    .data             inited   0x200001d4    0x40  xfiles.o [3]
    .data             inited   0x20000214    0x2c  usbd_cdc_core.o [1]
    .data             inited   0x20000240    0x2c  usbd_core.o [1]
    .data             inited   0x2000026c    0x20  xfiles.o [3]
    .data             inited   0x2000028c    0x1c  usbd_desc.o [1]
    .data             inited   0x200002a8    0x1c  usbd_usr.o [1]
    .data             inited   0x200002c4    0x14  system_stm32f4xx.o [1]
    .data             inited   0x200002d8    0x14  usbd_cdc_vcp.o [1]
    .data             inited   0x200002ec    0x14  usbd_desc.o [1]
    .data             inited   0x20000300     0x8  usbd_cdc_vcp.o [1]
    .data             inited   0x20000308     0x8  XShttio.o [3]
    .data             inited   0x20000310     0x4  usbd_core.o [1]
    .data             inited   0x20000314     0x4  usbd_desc.o [1]
    __DLIB_PERTHREAD  inited   0x20000318     0x4  errno.o [3]
  .bss                zero     0x2000031c   0x814  usbd_cdc_core.o [1]
  .bss                zero     0x20000b30   0x5f0  main.o [1]
  .bss                zero     0x20001120   0x1d8  dlmalloc.o [3]
  .bss                zero     0x200012f8    0x80  usbd_cdc_vcp.o [1]
  .bss                zero     0x20001378    0x80  XShHandles.o [3]
  .bss                zero     0x200013f8    0x50  xfiles.o [3]
  .bss                zero     0x20001448    0x50  xfiles.o [3]
  .bss                zero     0x20001498    0x40  usbd_cdc_core.o [1]
  .bss                zero     0x200014d8    0x34  usbd_req.o [1]
  .bss                zero     0x2000150c    0x18  dlmalloc.o [3]
  .bss                zero     0x20001524     0xc  usbd_req.o [1]
  .bss                zero     0x20001530     0x8  usbd_cdc_vcp.o [1]
  .bss                zero     0x20001538     0x6  main.o [1]
  .bss                zero     0x20001540     0x4  usbd_req.o [1]
  .bss                zero     0x20001544     0x4  xgetmemchunk.o [3]
  CSTACK                       0x20001548   0x400  <Block>
    CSTACK            uninit   0x20001548   0x400  <Block tail>
  HEAP                         0x20001948   0x200  <Block>
    HEAP              uninit   0x20001948   0x200  <Block tail>
                             - 0x20001b48  0x1b48


*******************************************************************************
*** INIT TABLE
***

          Address     Size
          -------     ----
Zero (__iar_zero_init3)
    1 destination range, total size 0x122c:
          0x2000031c  0x122c

Copy/packbits (__iar_packbits_init3)
    1 source range, total size 0x19e (52% of destination):
          0x08005f24   0x19e
    1 destination range, total size 0x31c:
          0x20000000   0x31c



*******************************************************************************
*** MODULE SUMMARY
***

    Module                 ro code  ro data  rw data
    ------                 -------  -------  -------
F:\Google Drive\GitHub\STM32F4-Project\STM32F4-Discovery_FW_V1.1.0\Project\Peripheral_Examples\Test VCP from CooCox - OK! 11-12-2558\EWARM\Sender\Obj: [1]
    main.o                     816             1 526
    misc.o                     120
    startup_stm32f4xx.o        728
    stm32f4xx_exti.o            16
    stm32f4xx_gpio.o           148
    stm32f4xx_rcc.o             88
    system_stm32f4xx.o         224       10       20
    usb_bsp.o                  232
    usb_core.o               2 020
    usb_dcd.o                  444
    usb_dcd_int.o            1 098
    usbd_cdc_core.o            572       68    2 264
    usbd_cdc_vcp.o             220       15      164
    usbd_core.o                558       25       48
    usbd_desc.o                268       26       52
    usbd_ioreq.o               122
    usbd_req.o                 964                68
    usbd_usr.o                  14       15       28
    ------------------------------------------------
    Total:                   8 652      159    4 170

command line: [2]
    ------------------------------------------------
    Total:

dl7M_tlf.a: [3]
    XShHandles.o               224               128
    XShttio.o                    8        4        8
    abort.o                      6
    div.o                       14
    dlmalloc.o               5 420               496
    errno.o                     12        3        4
    exit.o                       4
    fclose.o                   122
    fflush.o                   176
    fputc.o                     86
    fseek.o                     34
    isxxx.o                     20
    localeconv.o               108       70      136
    low_level_init.o             4
    printf.o                    36
    putchar.o                   12
    setlocale.o                 36       61      116
    strcat.o                    28
    tolower.o                   20
    xcloseall.o                 88
    xencoding_sb.o              96
    xfgpos.o                    10
    xfiles.o                            117      384
    xfofind.o                  124
    xfspos.o                   214
    xfwprep.o                  182
    xgetmemchunk.o              44                 4
    xlocale_c.o                 32
    xmbcurmax.o                 10
    xmbtowc.o                   32
    xprintffull.o            4 434
    xprout.o                    22
    xstoul.o                   408
    xsyslock_nop.o               4
    xtls.o                       2
    xwctomb.o                   26
    ------------------------------------------------
    Total:                  12 098      255    1 276

m7M_tl.a: [4]
    DblAdd.o                   212
    DblCmpGe.o                  46
    DblCmpLe.o                  46
    DblDiv.o                   598
    DblMul.o                   418
    DblSub.o                   384
    DblToI32.o                  88
    I32ToDbl.o                  48
    xdnorm.o                    66
    xdscale.o                  268
    ------------------------------------------------
    Total:                   2 174

rt7M_tl.a: [5]
    ABImemclr.o                  6
    ABImemcpy_unaligned.o      118
    ABImemset.o                 94
    I64DivMod.o                238
    I64DivZer.o                  2
    cexit.o                     14
    cmain.o                     26
    cstart_closeall.o
    cstartup_M.o                12
    data_init.o                 40
    memchr.o                    88
    packbits_init.o            208
    strchr.o                    22
    strlen.o                    54
    zero_init3.o                64
    ------------------------------------------------
    Total:                     986

shb_l.a: [6]
    close.o                     26
    dwrite.o                    30
    exit.o                      20
    iarttio.o                  108
    iarwrite.o                  34
    iarwstd.o                   32
    lseek.o                     76
    remove.o                    22
    write.o                     16
    ------------------------------------------------
    Total:                     364

    Gaps                        38                 2
    Linker created                       44    1 536
----------------------------------------------------
    Grand Total:            24 312      458    6 984


*******************************************************************************
*** ENTRY LIST
***

Entry                      Address   Size  Type      Object
-----                      -------   ----  ----      ------
.iar.init_table$$Base   0x08005e98          --   Gb  - Linker created -
.iar.init_table$$Limit  0x08005ec4          --   Gb  - Linker created -
?main                   0x08005ec5         Code  Gb  cmain.o [5]
AHBPrescTable           0x200002c4   0x10  Data  Gb  system_stm32f4xx.o [1]
APP_Rx_Buffer           0x20000330  0x800  Data  Gb  usbd_cdc_core.o [1]
APP_Rx_length           0x20000328    0x4  Data  Gb  usbd_cdc_core.o [1]
APP_Rx_ptr_in           0x20000320    0x4  Data  Gb  usbd_cdc_core.o [1]
APP_Rx_ptr_out          0x20000324    0x4  Data  Gb  usbd_cdc_core.o [1]
APP_Tx_Buffer           0x200012f8   0x80  Data  Gb  usbd_cdc_vcp.o [1]
APP_tx_ptr_head         0x20001530    0x4  Data  Gb  usbd_cdc_vcp.o [1]
APP_tx_ptr_tail         0x20001534    0x4  Data  Gb  usbd_cdc_vcp.o [1]
BusFault_Handler        0x08004df1    0x8  Code  Gb  main.o [1]
CSTACK$$Base            0x20001548          --   Gb  - Linker created -
CSTACK$$Limit           0x20001948          --   Gb  - Linker created -
CmdBuff                 0x20000108    0x8  Data  Gb  usbd_cdc_core.o [1]
ColorfulRingOfDeath     0x08004d89   0x26  Code  Gb  main.o [1]
DCD_EP_Close            0x0800482f   0x24  Code  Gb  usb_dcd.o [1]
DCD_EP_ClrStall         0x080048e1   0x14  Code  Gb  usb_dcd.o [1]
DCD_EP_Open             0x080047f5   0x3a  Code  Gb  usb_dcd.o [1]
DCD_EP_PrepareRx        0x08004853   0x24  Code  Gb  usb_dcd.o [1]
DCD_EP_SetAddress       0x08004915   0x10  Code  Gb  usb_dcd.o [1]
DCD_EP_Stall            0x080048bd   0x14  Code  Gb  usb_dcd.o [1]
DCD_EP_Tx               0x08004883   0x24  Code  Gb  usb_dcd.o [1]
DCD_HandleInEP_ISR      0x080041a3   0xd6  Code  Lc  usb_dcd_int.o [1]
DCD_HandleOutEP_ISR     0x08004279   0xa6  Code  Lc  usb_dcd_int.o [1]
DCD_Init                0x08004769   0x8c  Code  Gb  usb_dcd.o [1]
DCD_WriteEmptyTxFifo    0x08004339   0x6a  Code  Lc  usb_dcd_int.o [1]
DebugMon_Handler        0x08004e03    0x2  Code  Gb  main.o [1]
EXTI_ClearITPendingBit  0x08003ed1    0x2  Code  Gb  stm32f4xx_exti.o [1]
GPIO_Init               0x08003e3d   0x70  Code  Gb  stm32f4xx_gpio.o [1]
GPIO_PinAFConfig        0x08003ead   0x24  Code  Gb  stm32f4xx_gpio.o [1]
HEAP$$Base              0x20001948          --   Gb  - Linker created -
HEAP$$Limit             0x20001b48          --   Gb  - Linker created -
HardFault_Handler       0x08004dd9    0x8  Code  Gb  main.o [1]
InStream_Read           0x08005aaf   0x22  Code  Lc  packbits_init.o [5]
LoadInt                 0x08001e19   0x6e  Code  Lc  xprintffull.o [3]
MemManage_Handler       0x08004de1    0x6  Code  Gb  main.o [1]
Message_block           0x08004c99   0x66  Code  Gb  main.o [1]
NMI_Handler             0x08004dd7    0x2  Code  Gb  main.o [1]
NVIC_Init               0x08003eeb   0x58  Code  Gb  misc.o [1]
NVIC_PriorityGroupConfig
                        0x08003ee1    0xa  Code  Gb  misc.o [1]
OTG_FS_IRQHandler       0x08004e07    0x6  Code  Gb  main.o [1]
OTG_FS_WKUP_IRQHandler  0x08004e0d   0x28  Code  Gb  main.o [1]
PendSV_Handler          0x08004e05    0x2  Code  Gb  main.o [1]
RCC_AHB1PeriphClockCmd  0x08003de5   0x12  Code  Gb  stm32f4xx_rcc.o [1]
RCC_AHB2PeriphClockCmd  0x08003df7   0x12  Code  Gb  stm32f4xx_rcc.o [1]
RCC_APB1PeriphResetCmd  0x08003e1b   0x12  Code  Gb  stm32f4xx_rcc.o [1]
RCC_APB2PeriphClockCmd  0x08003e09   0x12  Code  Gb  stm32f4xx_rcc.o [1]
Region$$Table$$Base     0x08005e98          --   Gb  - Linker created -
Region$$Table$$Limit    0x08005ec4          --   Gb  - Linker created -
SR_Protocol             0x08004c17   0x4e  Code  Gb  main.o [1]
SVC_Handler             0x08004e01    0x2  Code  Gb  main.o [1]
SysTick_Handler         0x08004db9   0x1e  Code  Gb  main.o [1]
SystemCoreClock         0x200002d4    0x4  Data  Gb  system_stm32f4xx.o [1]
SystemInit              0x08004efd   0xc4  Code  Gb  system_stm32f4xx.o [1]
USBD_CDC_cb             0x20000214   0x2c  Data  Gb  usbd_cdc_core.o [1]
USBD_ClrCfg             0x08004ba3    0xe  Code  Gb  usbd_core.o [1]
USBD_CtlContinueRx      0x08004959    0x2  Code  Gb  usbd_ioreq.o [1]
USBD_CtlContinueSendData
                        0x08004937    0x2  Code  Gb  usbd_ioreq.o [1]
USBD_CtlError           0x080046ff   0x26  Code  Gb  usbd_req.o [1]
USBD_CtlPrepareRx       0x08004947   0x12  Code  Gb  usbd_ioreq.o [1]
USBD_CtlReceiveStatus   0x08004979    0xe  Code  Gb  usbd_ioreq.o [1]
USBD_CtlSendData        0x08004925   0x12  Code  Gb  usbd_ioreq.o [1]
USBD_CtlSendStatus      0x08004969   0x10  Code  Gb  usbd_ioreq.o [1]
USBD_DCD_INT_cb         0x20000240   0x2c  Data  Gb  usbd_core.o [1]
USBD_DCD_INT_fops       0x20000310    0x4  Data  Gb  usbd_core.o [1]
USBD_DataInStage        0x08004a91   0x92  Code  Lc  usbd_core.o [1]
USBD_DataOutStage       0x08004a1f   0x72  Code  Lc  usbd_core.o [1]
USBD_DeviceDesc         0x200002ec   0x14  Data  Gb  usbd_desc.o [1]
USBD_GetDescriptor      0x080045ed   0xd2  Code  Lc  usbd_req.o [1]
USBD_GetString          0x08004725   0x44  Code  Gb  usbd_req.o [1]
USBD_Init               0x0800499f   0x34  Code  Gb  usbd_core.o [1]
USBD_IsoINIncomplete    0x08004bb1    0xe  Code  Lc  usbd_core.o [1]
USBD_IsoOUTIncomplete   0x08004bbf    0xe  Code  Lc  usbd_core.o [1]
USBD_LangIDDesc         0x20000314    0x4  Data  Gb  usbd_desc.o [1]
USBD_OTG_ISR_Handler    0x08003f59  0x234  Code  Gb  usb_dcd_int.o [1]
USBD_ParseSetupRequest  0x080046c5   0x3a  Code  Gb  usbd_req.o [1]
USBD_Reset              0x08004b23   0x2e  Code  Lc  usbd_core.o [1]
USBD_Resume             0x08004b51   0x16  Code  Lc  usbd_core.o [1]
USBD_SOF                0x08004b7b   0x12  Code  Lc  usbd_core.o [1]
USBD_SetCfg             0x08004b8d   0x16  Code  Gb  usbd_core.o [1]
USBD_SetupStage         0x080049d3   0x4c  Code  Lc  usbd_core.o [1]
USBD_StdDevReq          0x080043a5  0x14a  Code  Gb  usbd_req.o [1]
USBD_StdEPReq           0x08004521   0xbc  Code  Gb  usbd_req.o [1]
USBD_StdItfReq          0x080044ef   0x32  Code  Gb  usbd_req.o [1]
USBD_StrDesc            0x200014d8   0x34  Data  Gb  usbd_req.o [1]
USBD_Suspend            0x08004b67   0x14  Code  Lc  usbd_core.o [1]
USBD_USR_ConfigStrDescriptor
                        0x080056b9    0x8  Code  Gb  usbd_desc.o [1]
USBD_USR_DeviceConfigured
                        0x080016bf    0x2  Code  Gb  usbd_usr.o [1]
USBD_USR_DeviceConnected
                        0x080016c1    0x2  Code  Gb  usbd_usr.o [1]
USBD_USR_DeviceDescriptor
                        0x08005671    0x8  Code  Gb  usbd_desc.o [1]
USBD_USR_DeviceDisconnected
                        0x080016c3    0x2  Code  Gb  usbd_usr.o [1]
USBD_USR_DeviceReset    0x080016bd    0x2  Code  Gb  usbd_usr.o [1]
USBD_USR_DeviceResumed  0x080016c7    0x2  Code  Gb  usbd_usr.o [1]
USBD_USR_DeviceSuspended
                        0x080016c5    0x2  Code  Gb  usbd_usr.o [1]
USBD_USR_Init           0x080016bb    0x2  Code  Gb  usbd_usr.o [1]
USBD_USR_InterfaceStrDescriptor
                        0x080056cd    0xa  Code  Gb  usbd_desc.o [1]
USBD_USR_LangIDStrDescriptor
                        0x08005679    0x8  Code  Gb  usbd_desc.o [1]
USBD_USR_ManufacturerStrDescriptor
                        0x08005693    0xa  Code  Gb  usbd_desc.o [1]
USBD_USR_ProductStrDescriptor
                        0x08005681   0x12  Code  Gb  usbd_desc.o [1]
USBD_USR_SerialStrDescriptor
                        0x0800569d   0x12  Code  Gb  usbd_desc.o [1]
USBD_cdc_GetCfgDesc     0x08005501    0x8  Code  Lc  usbd_cdc_core.o [1]
USBD_cfg_status         0x20001528    0x4  Data  Gb  usbd_req.o [1]
USBD_default_cfg        0x2000152c    0x4  Data  Gb  usbd_req.o [1]
USBD_ep_status          0x20001540    0x4  Data  Gb  usbd_req.o [1]
USB_OTG_BSP_EnableInterrupt
                        0x08003d9f   0x2a  Code  Gb  usb_bsp.o [1]
USB_OTG_BSP_Init        0x08003cfd   0x96  Code  Gb  usb_bsp.o [1]
USB_OTG_BSP_mDelay      0x08003ddd    0x8  Code  Gb  usb_bsp.o [1]
USB_OTG_BSP_uDelay      0x08003dc9   0x14  Code  Gb  usb_bsp.o [1]
USB_OTG_CoreInit        0x0800366d   0xc0  Code  Gb  usb_core.o [1]
USB_OTG_CoreInitDev     0x08003809   0xfc  Code  Gb  usb_core.o [1]
USB_OTG_CoreReset       0x08003519   0x4a  Code  Lc  usb_core.o [1]
USB_OTG_DisableGlobalInt
                        0x08003737    0x8  Code  Gb  usb_core.o [1]
USB_OTG_EP0Activate     0x0800395b   0x36  Code  Gb  usb_core.o [1]
USB_OTG_EP0StartXfer    0x08003b41   0xcc  Code  Gb  usb_core.o [1]
USB_OTG_EP0_OutStart    0x08003c85   0x20  Code  Gb  usb_core.o [1]
USB_OTG_EPActivate      0x08003991   0x62  Code  Gb  usb_core.o [1]
USB_OTG_EPClearStall    0x08003c35   0x28  Code  Gb  usb_core.o [1]
USB_OTG_EPDeactivate    0x080039f3   0x2c  Code  Gb  usb_core.o [1]
USB_OTG_EPSetStall      0x08003c0d   0x28  Code  Gb  usb_core.o [1]
USB_OTG_EPStartXfer     0x08003a1f  0x122  Code  Gb  usb_core.o [1]
USB_OTG_EnableDevInt    0x08003905   0x2e  Code  Gb  usb_core.o [1]
USB_OTG_EnableGlobalInt
                        0x0800372d    0xa  Code  Gb  usb_core.o [1]
USB_OTG_FlushRxFifo     0x08003773   0x24  Code  Gb  usb_core.o [1]
USB_OTG_FlushTxFifo     0x08003745   0x2e  Code  Gb  usb_core.o [1]
USB_OTG_GetDeviceSpeed  0x08003933   0x28  Code  Gb  usb_core.o [1]
USB_OTG_GetMode         0x080037d3    0xa  Code  Gb  usb_core.o [1]
USB_OTG_InitDevSpeed    0x080037f7   0x12  Code  Gb  usb_core.o [1]
USB_OTG_IsDeviceMode    0x080037dd   0x10  Code  Gb  usb_core.o [1]
USB_OTG_ReadCoreItr     0x080037ed    0xa  Code  Gb  usb_core.o [1]
USB_OTG_ReadDevAllInEPItr
                        0x08003c79    0xc  Code  Gb  usb_core.o [1]
USB_OTG_ReadDevAllOutEp_itr
                        0x08003c5d    0xc  Code  Gb  usb_core.o [1]
USB_OTG_ReadDevOutEP_itr
                        0x08003c69   0x10  Code  Gb  usb_core.o [1]
USB_OTG_ReadPacket      0x0800358d   0x24  Code  Gb  usb_core.o [1]
USB_OTG_SelectCore      0x080035b1   0xbc  Code  Gb  usb_core.o [1]
USB_OTG_SetCurrentMode  0x080037ad   0x26  Code  Gb  usb_core.o [1]
USB_OTG_UngateClock     0x08003ce1   0x1c  Code  Gb  usb_core.o [1]
USB_OTG_WritePacket     0x08003563   0x2a  Code  Gb  usb_core.o [1]
USB_OTG_dev             0x20000b30  0x5f0  Data  Gb  main.o [1]
USB_Rx_Buffer           0x20001498   0x40  Data  Gb  usbd_cdc_core.o [1]
USB_Tx_State            0x2000031c    0x1  Data  Gb  usbd_cdc_core.o [1]
USR_cb                  0x200002a8   0x1c  Data  Gb  usbd_usr.o [1]
USR_desc                0x2000028c   0x1c  Data  Gb  usbd_desc.o [1]
UsageFault_Handler      0x08004df9    0x8  Code  Gb  main.o [1]
VCP_Ctrl                0x08004fe5   0x2c  Code  Lc  usbd_cdc_vcp.o [1]
VCP_DataRx              0x08005053   0x2e  Code  Lc  usbd_cdc_vcp.o [1]
VCP_DataTx              0x0800502b   0x28  Code  Lc  usbd_cdc_vcp.o [1]
VCP_DeInit              0x08004fe1    0x4  Code  Lc  usbd_cdc_vcp.o [1]
VCP_Init                0x08004fdd    0x4  Code  Lc  usbd_cdc_vcp.o [1]
VCP_fops                0x200002d8   0x14  Data  Gb  usbd_cdc_vcp.o [1]
VCP_get_char            0x08005081   0x24  Code  Gb  usbd_cdc_vcp.o [1]
VCP_put_char            0x08005011    0xc  Code  Gb  usbd_cdc_vcp.o [1]
VCP_send_str            0x0800501d    0xe  Code  Gb  usbd_cdc_vcp.o [1]
_Close_all              0x08005d81   0x58  Code  Gb  xcloseall.o [3]
_EncodingSb_Mbtowc      0x080033f7   0x30  Code  Gb  xencoding_sb.o [3]
_EncodingSb_Wctomb      0x080033dd   0x1a  Code  Gb  xencoding_sb.o [3]
_Files                  0x2000026c   0x20  Data  Gb  xfiles.o [3]
_Fofree                 0x08005c59   0x78  Code  Gb  xfofind.o [3]
_Fspos                  0x0800585d   0xd6  Code  Gb  xfspos.o [3]
_Fwprep                 0x08005b7f   0xb6  Code  Gb  xfwprep.o [3]
_GenldFull              0x080026a3  0x24c  Code  Lc  xprintffull.o [3]
_IsdstStr               0x2000008c    0x4  Data  Gb  setlocale.o [3]
_LdtobFull              0x080022a1  0x3fc  Code  Lc  xprintffull.o [3]
_LitobFull              0x08002199  0x106  Code  Lc  xprintffull.o [3]
_LocaleC_isspace        0x080052c5   0x14  Code  Gb  xlocale_c.o [3]
_LocaleC_tolower        0x080052d9    0xc  Code  Gb  xlocale_c.o [3]
_LocaleEncoding         0x080033cb    0xe  Code  Gb  setlocale.o [3]
_LocaleForCat           0x080033b9   0x12  Code  Gb  setlocale.o [3]
_LocaleReturnString     0x200000ac   0x50  Data  Lc  setlocale.o [3]
_Locale_Profile         0x20000090   0x1c  Data  Gb  setlocale.o [3]
_Locale_aeabi_lconv     0x20000050   0x38  Data  Gb  localeconv.o [3]
_Locale_lconv           0x20000000   0x50  Data  Gb  localeconv.o [3]
_Mbtowc                 0x08002937   0x20  Code  Gb  xmbtowc.o [3]
_Nnl                    0x080059e5    0xa  Code  Gb  xfgpos.o [3]
_PrintfFull             0x080017e5  0x61e  Code  Gb  xprintffull.o [3]
_Prout                  0x08005ef7   0x16  Code  Gb  xprout.o [3]
_PutcharsFull           0x080028ef   0x2e  Code  Lc  xprintffull.o [3]
_PutstrFull             0x08001e87  0x30c  Code  Lc  xprintffull.o [3]
_TzoneStr               0x20000088    0x4  Data  Gb  setlocale.o [3]
_Wctomb                 0x08002a0b   0x1a  Code  Gb  xwctomb.o [3]
__aeabi_cdcmple         0x08002bcd         Code  Gb  DblCmpLe.o [4]
__aeabi_cdrcmple        0x08002bfd         Code  Gb  DblCmpGe.o [4]
__aeabi_d2iz            0x08002d39         Code  Gb  DblToI32.o [4]
__aeabi_d2uiz           0x08002d65         Code  Gb  DblToI32.o [4]
__aeabi_ddiv            0x080030e5         Code  Gb  DblDiv.o [4]
__aeabi_dmul            0x08002f41         Code  Gb  DblMul.o [4]
__aeabi_dsub            0x08002dc1         Code  Gb  DblSub.o [4]
__aeabi_errno_addr      0x080052b9    0x6  Code  Gb  errno.o [3]
__aeabi_i2d             0x08002d91         Code  Gb  I32ToDbl.o [4]
__aeabi_ldiv0           0x0800343d         Code  Gb  I64DivZer.o [5]
__aeabi_memclr          0x080016f5         Code  Gb  ABImemclr.o [5]
__aeabi_ui2d            0x08002da5         Code  Gb  I32ToDbl.o [4]
__aeabi_uldivmod        0x08002a9d         Code  Gb  I64DivMod.o [5]
__cexit_closeall        0x08005eeb         Code  Gb  cexit.o [5]
__close                 0x08005d4f   0x1a  Code  Gb  close.o [6]
__cmain                 0x08005ec5         Code  Gb  cmain.o [5]
__cstart_closeall       0x08005f24         Data  Gb  cstart_closeall.o [5]
__data_GetMemChunk      0x080016c9   0x2c  Code  Gb  xgetmemchunk.o [3]
__dwrite                0x08005a4f   0x1e  Code  Gb  dwrite.o [6]
__exit                  0x080016fd   0x14  Code  Gb  exit.o [6]
__iar_Dnorm             0x08002b8b   0x42  Code  Gb  xdnorm.o [4]
__iar_Dscale            0x08002c2d  0x10c  Code  Gb  xdscale.o [4]
__iar_Errno             0x20000318    0x4  Data  Gb  errno.o [3]
__iar_Locale_lconv_init
                        0x0800333d   0x3a  Code  Gb  localeconv.o [3]
__iar_Lockfilelock      0x08005a3b    0x2  Code  Gb  xsyslock_nop.o [3]
__iar_Mbcurmax          0x08002a01    0xa  Code  Gb  xmbcurmax.o [3]
__iar_Memchr            0x080029a9         Code  Gb  memchr.o [5]
__iar_Memset_word       0x08001711         Code  Gb  ABImemset.o [5]
__iar_Stderr            0x200001d4   0x40  Data  Gb  xfiles.o [3]
__iar_Stdin             0x20000154   0x40  Data  Gb  xfiles.o [3]
__iar_Stdout            0x20000194   0x40  Data  Gb  xfiles.o [3]
__iar_Stoul             0x08005219    0x4  Code  Gb  xstoul.o [3]
__iar_Stoulx            0x080050d5  0x13e  Code  Gb  xstoul.o [3]
__iar_Strchr            0x08002959         Code  Gb  strchr.o [5]
__iar_Unlockfilelock    0x08005a3d    0x2  Code  Gb  xsyslock_nop.o [3]
__iar_close_ttio        0x08001771   0x2e  Code  Gb  iarttio.o [6]
__iar_d2uiz             0x08002d71         Code  Gb  DblToI32.o [4]
__iar_dadd              0x08003441         Code  Gb  DblAdd.o [4]
__iar_data_init3        0x08005e71   0x28  Code  Gb  data_init.o [5]
__iar_dlcalloc          0x0800166f   0x3e  Code  Gb  dlmalloc.o [3]
__iar_dlfree            0x0800115f  0x510  Code  Gb  dlmalloc.o [3]
__iar_dlib_perthread_access
                        0x08003515    0x2  Code  Gb  xtls.o [3]
__iar_dlmalloc          0x08000ea9  0x2aa  Code  Gb  dlmalloc.o [3]
__iar_dsub              0x08002dd5         Code  Gb  DblSub.o [4]
__iar_dsubStart         0x08002de7         Code  Gb  DblSub.o [4]
__iar_get_ttio          0x080017a1   0x38  Code  Gb  iarttio.o [6]
__iar_lookup_ttioh      0x080017dd    0x8  Code  Gb  XShttio.o [3]
__iar_packbits_init3    0x08005ad1   0xae  Code  Gb  packbits_init.o [5]
__iar_program_start     0x08005f19         Code  Gb  cstartup_M.o [5]
__iar_sh_Discard        0x0800577d   0x44  Code  Gb  XShHandles.o [3]
__iar_sh_Move           0x080057c7   0x4c  Code  Gb  XShHandles.o [3]
__iar_sh_Pos            0x08005813   0x44  Code  Gb  XShHandles.o [3]
__iar_sh_stdout         0x08005a6d   0x20  Code  Gb  iarwstd.o [6]
__iar_sh_write          0x08005a8d   0x22  Code  Gb  iarwrite.o [6]
__iar_ttio_handles      0x20000308    0x8  Data  Lc  XShttio.o [3]
__iar_ui2d              0x08002da9         Code  Gb  I32ToDbl.o [4]
__iar_unaligned___aeabi_memcpy
                        0x08002a25         Code  Gb  ABImemcpy_unaligned.o [5]
__iar_unaligned___aeabi_memcpy4
                        0x08002a45         Code  Gb  ABImemcpy_unaligned.o [5]
__iar_unaligned___aeabi_memcpy8
                        0x08002a45         Code  Gb  ABImemcpy_unaligned.o [5]
__iar_zero_init3        0x08005e2f   0x40  Code  Gb  zero_init3.o [5]
__low_level_init        0x08005edf    0x4  Code  Gb  low_level_init.o [3]
__lseek                 0x080059ef   0x4c  Code  Gb  lseek.o [6]
__vector_table          0x08000000         Data  Gb  startup_stm32f4xx.o [1]
__write                 0x08005a3f   0x10  Code  Gb  write.o [6]
_call_main              0x08005ed1         Code  Gb  cmain.o [5]
_exit                   0x08005ee9         Code  Gb  cexit.o [5]
_gm_                    0x20001120  0x1d8  Data  Lc  dlmalloc.o [3]
_main                   0x08005edb         Code  Gb  cmain.o [5]
abort                   0x080016b5    0x6  Code  Gb  abort.o [3]
cdcCmd                  0x20000100    0x4  Data  Lc  usbd_cdc_core.o [1]
cdcLen                  0x20000104    0x4  Data  Lc  usbd_cdc_core.o [1]
digits                  0x0800521c   0x28  Data  Lc  xstoul.o [3]
div                     0x080033a9    0xe  Code  Gb  div.o [3]
downTicker              0x2000153a    0x2  Data  Gb  main.o [1]
downTickerH             0x2000153c    0x2  Data  Gb  main.o [1]
ebuf                    0x200013f8   0x50  Data  Lc  xfiles.o [3]
exit                    0x08005ee3    0x4  Code  Gb  exit.o [3]
fclose                  0x08005cd5   0x7a  Code  Gb  fclose.o [3]
fflush                  0x080059ab   0x34  Code  Gb  fflush.o [3]
fflushOne               0x08005935   0x76  Code  Lc  fflush.o [3]
fputc                   0x08005dd9   0x56  Code  Gb  fputc.o [3]
fseek                   0x08005c35   0x22  Code  Gb  fseek.o [3]
init                    0x08004d11   0x72  Code  Gb  main.o [1]
init_mparams            0x080001a3   0x32  Code  Lc  dlmalloc.o [3]
init_top                0x080001d5   0x34  Code  Lc  dlmalloc.o [3]
isspace                 0x08005291   0x14  Code  Gb  isxxx.o [3]
linecoding              0x20000300    0x8  Data  Gb  usbd_cdc_vcp.o [1]
localeconv              0x08003377   0x16  Code  Gb  localeconv.o [3]
main                    0x08004bcd   0x4a  Code  Gb  main.o [1]
memchr                  0x080029a9         Code  Gb  memchr.o [5]
mparams                 0x2000150c   0x18  Data  Lc  dlmalloc.o [3]
ndigs                   0x08005244   0x28  Data  Lc  xstoul.o [3]
obuf                    0x20001448   0x50  Data  Lc  xfiles.o [3]
prepend_alloc           0x08000209  0x36c  Code  Lc  dlmalloc.o [3]
printf                  0x0800526d   0x24  Code  Gb  printf.o [3]
putchar                 0x08005f0d    0xc  Code  Gb  putchar.o [3]
receive_                0x08004c65   0x2e  Code  Gb  main.o [1]
remove                  0x08005d69   0x16  Code  Gb  remove.o [6]
sFileInfo               0x20001378   0x80  Data  Lc  XShHandles.o [3]
segment_holding         0x08000189   0x1a  Code  Lc  dlmalloc.o [3]
strcat                  0x080050b9   0x1c  Code  Gb  strcat.o [3]
strchr                  0x08002959         Code  Gb  strchr.o [5]
strlen                  0x08002971         Code  Gb  strlen.o [5]
sys_alloc               0x08000575  0x386  Code  Lc  dlmalloc.o [3]
ticker                  0x20001538    0x2  Data  Gb  main.o [1]
tmalloc_large           0x08000909  0x390  Code  Lc  dlmalloc.o [3]
tmalloc_small           0x08000c99  0x210  Code  Lc  dlmalloc.o [3]
tolower                 0x080052a5   0x14  Code  Gb  tolower.o [3]
usbd_cdc_AltSet         0x200000fc    0x4  Data  Lc  usbd_cdc_core.o [1]
usbd_cdc_CfgDesc        0x20000110   0x44  Data  Gb  usbd_cdc_core.o [1]
usbd_cdc_DataIn         0x08005429   0x2e  Code  Lc  usbd_cdc_core.o [1]
usbd_cdc_DataOut        0x08005457   0x2e  Code  Lc  usbd_cdc_core.o [1]
usbd_cdc_DeInit         0x0800533f   0x24  Code  Lc  usbd_cdc_core.o [1]
usbd_cdc_EP0_RxReady    0x0800540b   0x1e  Code  Lc  usbd_cdc_core.o [1]
usbd_cdc_Init           0x080052e5   0x5a  Code  Lc  usbd_cdc_core.o [1]
usbd_cdc_SOF            0x08005485   0x58  Code  Lc  usbd_cdc_core.o [1]
usbd_cdc_Setup          0x08005363   0xa8  Code  Lc  usbd_cdc_core.o [1]


[1] = F:\Google Drive\GitHub\STM32F4-Project\STM32F4-Discovery_FW_V1.1.0\Project\Peripheral_Examples\Test VCP from CooCox - OK! 11-12-2558\EWARM\Sender\Obj
[2] = command line
[3] = dl7M_tlf.a
[4] = m7M_tl.a
[5] = rt7M_tl.a
[6] = shb_l.a

  24 312 bytes of readonly  code memory
     458 bytes of readonly  data memory
   6 984 bytes of readwrite data memory

Errors: none
Warnings: none
