###############################################################################
#
# IAR ELF Linker V7.40.7.9843/W32 for ARM                 01/Feb/2016  02:53:12
# Copyright 2007-2015 IAR Systems AB.
#
#    Output file  =  
#        F:\Google
#        Drive\GitHub\STM32F4-Project\STM32F4-Discovery_FW_V1.1.0\Project\Peripheral_Examples\Test
#        VCP from CooCox - OK! 11-12-2558\EWARM\Sender\Exe\IO_Toggle.out
#    Map file     =  
#        F:\Google
#        Drive\GitHub\STM32F4-Project\STM32F4-Discovery_FW_V1.1.0\Project\Peripheral_Examples\Test
#        VCP from CooCox - OK! 11-12-2558\EWARM\Sender\List\IO_Toggle.map
#    Command line =  
#        "F:\Google
#        Drive\GitHub\STM32F4-Project\STM32F4-Discovery_FW_V1.1.0\Project\Peripheral_Examples\Test
#        VCP from CooCox - OK! 11-12-2558\EWARM\Sender\Obj\main.o" "F:\Google
#        Drive\GitHub\STM32F4-Project\STM32F4-Discovery_FW_V1.1.0\Project\Peripheral_Examples\Test
#        VCP from CooCox - OK! 11-12-2558\EWARM\Sender\Obj\misc.o" "F:\Google
#        Drive\GitHub\STM32F4-Project\STM32F4-Discovery_FW_V1.1.0\Project\Peripheral_Examples\Test
#        VCP from CooCox - OK! 11-12-2558\EWARM\Sender\Obj\startup_stm32f4xx.o"
#        "F:\Google
#        Drive\GitHub\STM32F4-Project\STM32F4-Discovery_FW_V1.1.0\Project\Peripheral_Examples\Test
#        VCP from CooCox - OK! 11-12-2558\EWARM\Sender\Obj\stm32f4xx_exti.o"
#        "F:\Google
#        Drive\GitHub\STM32F4-Project\STM32F4-Discovery_FW_V1.1.0\Project\Peripheral_Examples\Test
#        VCP from CooCox - OK! 11-12-2558\EWARM\Sender\Obj\stm32f4xx_gpio.o"
#        "F:\Google
#        Drive\GitHub\STM32F4-Project\STM32F4-Discovery_FW_V1.1.0\Project\Peripheral_Examples\Test
#        VCP from CooCox - OK! 11-12-2558\EWARM\Sender\Obj\stm32f4xx_rcc.o"
#        "F:\Google
#        Drive\GitHub\STM32F4-Project\STM32F4-Discovery_FW_V1.1.0\Project\Peripheral_Examples\Test
#        VCP from CooCox - OK! 11-12-2558\EWARM\Sender\Obj\stm32f4xx_usart.o"
#        "F:\Google
#        Drive\GitHub\STM32F4-Project\STM32F4-Discovery_FW_V1.1.0\Project\Peripheral_Examples\Test
#        VCP from CooCox - OK! 11-12-2558\EWARM\Sender\Obj\system_stm32f4xx.o"
#        "F:\Google
#        Drive\GitHub\STM32F4-Project\STM32F4-Discovery_FW_V1.1.0\Project\Peripheral_Examples\Test
#        VCP from CooCox - OK! 11-12-2558\EWARM\Sender\Obj\usb_bsp.o"
#        "F:\Google
#        Drive\GitHub\STM32F4-Project\STM32F4-Discovery_FW_V1.1.0\Project\Peripheral_Examples\Test
#        VCP from CooCox - OK! 11-12-2558\EWARM\Sender\Obj\usb_core.o"
#        "F:\Google
#        Drive\GitHub\STM32F4-Project\STM32F4-Discovery_FW_V1.1.0\Project\Peripheral_Examples\Test
#        VCP from CooCox - OK! 11-12-2558\EWARM\Sender\Obj\usb_dcd.o"
#        "F:\Google
#        Drive\GitHub\STM32F4-Project\STM32F4-Discovery_FW_V1.1.0\Project\Peripheral_Examples\Test
#        VCP from CooCox - OK! 11-12-2558\EWARM\Sender\Obj\usb_dcd_int.o"
#        "F:\Google
#        Drive\GitHub\STM32F4-Project\STM32F4-Discovery_FW_V1.1.0\Project\Peripheral_Examples\Test
#        VCP from CooCox - OK! 11-12-2558\EWARM\Sender\Obj\usbd_cdc_core.o"
#        "F:\Google
#        Drive\GitHub\STM32F4-Project\STM32F4-Discovery_FW_V1.1.0\Project\Peripheral_Examples\Test
#        VCP from CooCox - OK! 11-12-2558\EWARM\Sender\Obj\usbd_cdc_vcp.o"
#        "F:\Google
#        Drive\GitHub\STM32F4-Project\STM32F4-Discovery_FW_V1.1.0\Project\Peripheral_Examples\Test
#        VCP from CooCox - OK! 11-12-2558\EWARM\Sender\Obj\usbd_core.o"
#        "F:\Google
#        Drive\GitHub\STM32F4-Project\STM32F4-Discovery_FW_V1.1.0\Project\Peripheral_Examples\Test
#        VCP from CooCox - OK! 11-12-2558\EWARM\Sender\Obj\usbd_desc.o"
#        "F:\Google
#        Drive\GitHub\STM32F4-Project\STM32F4-Discovery_FW_V1.1.0\Project\Peripheral_Examples\Test
#        VCP from CooCox - OK! 11-12-2558\EWARM\Sender\Obj\usbd_ioreq.o"
#        "F:\Google
#        Drive\GitHub\STM32F4-Project\STM32F4-Discovery_FW_V1.1.0\Project\Peripheral_Examples\Test
#        VCP from CooCox - OK! 11-12-2558\EWARM\Sender\Obj\usbd_req.o"
#        "F:\Google
#        Drive\GitHub\STM32F4-Project\STM32F4-Discovery_FW_V1.1.0\Project\Peripheral_Examples\Test
#        VCP from CooCox - OK! 11-12-2558\EWARM\Sender\Obj\usbd_usr.o"
#        --redirect _Printf=_PrintfFull --redirect _Scanf=_ScanfSmall -o
#        "F:\Google
#        Drive\GitHub\STM32F4-Project\STM32F4-Discovery_FW_V1.1.0\Project\Peripheral_Examples\Test
#        VCP from CooCox - OK! 11-12-2558\EWARM\Sender\Exe\IO_Toggle.out" --map
#        "F:\Google
#        Drive\GitHub\STM32F4-Project\STM32F4-Discovery_FW_V1.1.0\Project\Peripheral_Examples\Test
#        VCP from CooCox - OK! 11-12-2558\EWARM\Sender\List\IO_Toggle.map"
#        --config "F:\Google
#        Drive\GitHub\STM32F4-Project\STM32F4-Discovery_FW_V1.1.0\Project\Peripheral_Examples\Test
#        VCP from CooCox - OK! 11-12-2558\EWARM\stm32f4xx_flash.icf"
#        --semihosting --entry __iar_program_start --vfe
#
###############################################################################

*******************************************************************************
*** RUNTIME MODEL ATTRIBUTES
***

CppFlavor                     = *
__Heap_Handler                = Basic
__SystemLibrary               = DLib
__dlib_dynamic_initialization = normal


*******************************************************************************
*** PLACEMENT SUMMARY
***

"A1":  place at 0x08000000 { ro section .intvec };
"P1":  place in [from 0x08000000 to 0x080fffff] { ro };
"P2":  place in [from 0x20000000 to 0x20020000] { rw, block CSTACK, block HEAP };

  Section             Kind        Address    Size  Object
  -------             ----        -------    ----  ------
"A1":                                       0x188
  .intvec             ro code  0x08000000   0x188  startup_stm32f4xx.o [1]
                             - 0x08000188   0x188

"P1":                                      0x42f5
  .text               ro code  0x08000188  0x1152  xprintffull.o [3]
  .text               ro code  0x080012da    0x20  xmbtowc.o [3]
  .text               ro code  0x080012fa     0xe  usbd_usr.o [1]
  .text               ro code  0x08001308    0x16  strchr.o [5]
  .text               ro code  0x0800131e     0xa  xsprout.o [3]
  .text               ro code  0x08001328    0x36  strlen.o [5]
  .text               ro code  0x08001360    0x58  memchr.o [5]
  .text               ro code  0x080013b8     0xa  xmbcurmax.o [3]
  .text               ro code  0x080013c4    0xb0  xxmemxmalloc.o [3]
  .text               ro code  0x08001474    0x1a  xwctomb.o [3]
  .text               ro code  0x08001490    0x76  ABImemcpy_unaligned.o [5]
  .text               ro code  0x08001508    0x80  xxmemxfree.o [3]
  .text               ro code  0x08001588    0xee  I64DivMod.o [5]
  .text               ro code  0x08001676    0x42  xdnorm.o [4]
  .text               ro code  0x080016b8    0x2e  DblCmpLe.o [4]
  .text               ro code  0x080016e8    0x2e  DblCmpGe.o [4]
  .text               ro code  0x08001718   0x10c  xdscale.o [4]
  .text               ro code  0x08001824    0x58  DblToI32.o [4]
  .text               ro code  0x0800187c    0x30  I32ToDbl.o [4]
  .text               ro code  0x080018ac   0x180  DblSub.o [4]
  .text               ro code  0x08001a2c   0x1a2  DblMul.o [4]
  .text               ro code  0x08001bd0   0x256  DblDiv.o [4]
  .text               ro code  0x08001e28    0x6c  localeconv.o [3]
  .text               ro code  0x08001e94     0xe  div.o [3]
  .text               ro code  0x08001ea4    0x14  setlocale.o [3]
  .text               ro code  0x08001eb8    0x60  xencoding_sb.o [3]
  .text               ro code  0x08001f18    0x2c  xgetmemchunk.o [3]
  .text               ro code  0x08001f44     0x2  I64DivZer.o [5]
  .text               ro code  0x08001f48    0xd4  DblAdd.o [4]
  .text               ro code  0x0800201c     0x2  xtls.o [3]
  .text               ro code  0x08002020   0x7e4  usb_core.o [1]
  .text               ro code  0x08002804    0xe8  usb_bsp.o [1]
  .text               ro code  0x080028ec    0x58  stm32f4xx_rcc.o [1]
  .text               ro code  0x08002944    0x94  stm32f4xx_gpio.o [1]
  .text               ro code  0x080029d8    0x10  stm32f4xx_exti.o [1]
  .text               ro code  0x080029e8    0x78  misc.o [1]
  .text               ro code  0x08002a60   0x44a  usb_dcd_int.o [1]
  .text               ro code  0x08002eac   0x3c4  usbd_req.o [1]
  .text               ro code  0x08003270   0x1bc  usb_dcd.o [1]
  .text               ro code  0x0800342c    0x7a  usbd_ioreq.o [1]
  .text               ro code  0x080034a6   0x22e  usbd_core.o [1]
  .text               ro code  0x080036d4   0x2e0  main.o [1]
  .text               ro code  0x080039b4    0xe0  system_stm32f4xx.o [1]
  .text               ro code  0x08003a94    0xdc  usbd_cdc_vcp.o [1]
  .text               ro code  0x08003b70    0x1c  strcat.o [3]
  .text               ro code  0x08003b8c    0x12  time.o [6]
  .text               ro code  0x08003ba0    0x20  srand.o [3]
  .text               ro code  0x08003bc0    0xe0  rand.o [3]
  .text               ro code  0x08003ca0    0x34  sprintf.o [3]
  .text               ro code  0x08003cd4   0x23c  usbd_cdc_core.o [1]
  .text               ro code  0x08003f10   0x10c  usbd_desc.o [1]
  .text               ro code  0x0800401c    0xd0  packbits_init.o [5]
  .text               ro code  0x080040ec     0x6  abort.o [3]
  .text               ro code  0x080040f4    0x14  exit.o [6]
  .text               ro code  0x08004108    0x40  zero_init3.o [5]
  .text               ro code  0x08004148    0x28  data_init.o [5]
  .iar.init_table     const    0x08004170    0x2c  - Linker created -
  .text               ro code  0x0800419c    0x1a  cmain.o [5]
  .text               ro code  0x080041b6     0x4  low_level_init.o [3]
  .text               ro code  0x080041ba     0x4  exit.o [3]
  .text               ro code  0x080041c0     0xa  cexit.o [5]
  .text               ro code  0x080041cc    0x14  startup_stm32f4xx.o [1]
  .text               ro code  0x080041e0     0xc  cstartup_M.o [5]
  .text               ro code  0x080041ec     0x4  startup_stm32f4xx.o [1]
  .text               ro code  0x080041f0     0x4  startup_stm32f4xx.o [1]
  .text               ro code  0x080041f4     0x4  startup_stm32f4xx.o [1]
  .text               ro code  0x080041f8     0x4  startup_stm32f4xx.o [1]
  .text               ro code  0x080041fc     0x4  startup_stm32f4xx.o [1]
  .text               ro code  0x08004200     0x4  startup_stm32f4xx.o [1]
  .text               ro code  0x08004204     0x4  startup_stm32f4xx.o [1]
  .text               ro code  0x08004208     0x4  startup_stm32f4xx.o [1]
  .text               ro code  0x0800420c     0x4  startup_stm32f4xx.o [1]
  .text               ro code  0x08004210     0x4  startup_stm32f4xx.o [1]
  .text               ro code  0x08004214     0x4  startup_stm32f4xx.o [1]
  .text               ro code  0x08004218     0x4  startup_stm32f4xx.o [1]
  .text               ro code  0x0800421c     0x4  startup_stm32f4xx.o [1]
  .text               ro code  0x08004220     0x4  startup_stm32f4xx.o [1]
  .text               ro code  0x08004224     0x4  startup_stm32f4xx.o [1]
  .text               ro code  0x08004228     0x4  startup_stm32f4xx.o [1]
  .text               ro code  0x0800422c     0x4  startup_stm32f4xx.o [1]
  .text               ro code  0x08004230     0x4  startup_stm32f4xx.o [1]
  .text               ro code  0x08004234     0x4  startup_stm32f4xx.o [1]
  .text               ro code  0x08004238     0x4  startup_stm32f4xx.o [1]
  .text               ro code  0x0800423c     0x4  startup_stm32f4xx.o [1]
  .text               ro code  0x08004240     0x4  startup_stm32f4xx.o [1]
  .text               ro code  0x08004244     0x4  startup_stm32f4xx.o [1]
  .text               ro code  0x08004248     0x4  startup_stm32f4xx.o [1]
  .text               ro code  0x0800424c     0x4  startup_stm32f4xx.o [1]
  .text               ro code  0x08004250     0x4  startup_stm32f4xx.o [1]
  .text               ro code  0x08004254     0x4  startup_stm32f4xx.o [1]
  .text               ro code  0x08004258     0x4  startup_stm32f4xx.o [1]
  .text               ro code  0x0800425c     0x4  startup_stm32f4xx.o [1]
  .text               ro code  0x08004260     0x4  startup_stm32f4xx.o [1]
  .text               ro code  0x08004264     0x4  startup_stm32f4xx.o [1]
  .text               ro code  0x08004268     0x4  startup_stm32f4xx.o [1]
  .text               ro code  0x0800426c     0x4  startup_stm32f4xx.o [1]
  .text               ro code  0x08004270     0x4  startup_stm32f4xx.o [1]
  .text               ro code  0x08004274     0x4  startup_stm32f4xx.o [1]
  .text               ro code  0x08004278     0x4  startup_stm32f4xx.o [1]
  .text               ro code  0x0800427c     0x4  startup_stm32f4xx.o [1]
  .text               ro code  0x08004280     0x4  startup_stm32f4xx.o [1]
  .text               ro code  0x08004284     0x4  startup_stm32f4xx.o [1]
  .text               ro code  0x08004288     0x4  startup_stm32f4xx.o [1]
  .text               ro code  0x0800428c     0x4  startup_stm32f4xx.o [1]
  .text               ro code  0x08004290     0x4  startup_stm32f4xx.o [1]
  .text               ro code  0x08004294     0x4  startup_stm32f4xx.o [1]
  .text               ro code  0x08004298     0x4  startup_stm32f4xx.o [1]
  .text               ro code  0x0800429c     0x4  startup_stm32f4xx.o [1]
  .text               ro code  0x080042a0     0x4  startup_stm32f4xx.o [1]
  .text               ro code  0x080042a4     0x4  startup_stm32f4xx.o [1]
  .text               ro code  0x080042a8     0x4  startup_stm32f4xx.o [1]
  .text               ro code  0x080042ac     0x4  startup_stm32f4xx.o [1]
  .text               ro code  0x080042b0     0x4  startup_stm32f4xx.o [1]
  .text               ro code  0x080042b4     0x4  startup_stm32f4xx.o [1]
  .text               ro code  0x080042b8     0x4  startup_stm32f4xx.o [1]
  .text               ro code  0x080042bc     0x4  startup_stm32f4xx.o [1]
  .text               ro code  0x080042c0     0x4  startup_stm32f4xx.o [1]
  .text               ro code  0x080042c4     0x4  startup_stm32f4xx.o [1]
  .text               ro code  0x080042c8     0x4  startup_stm32f4xx.o [1]
  .text               ro code  0x080042cc     0x4  startup_stm32f4xx.o [1]
  .text               ro code  0x080042d0     0x4  startup_stm32f4xx.o [1]
  .text               ro code  0x080042d4     0x4  startup_stm32f4xx.o [1]
  .text               ro code  0x080042d8     0x4  startup_stm32f4xx.o [1]
  .text               ro code  0x080042dc     0x4  startup_stm32f4xx.o [1]
  .text               ro code  0x080042e0     0x4  startup_stm32f4xx.o [1]
  .text               ro code  0x080042e4     0x4  startup_stm32f4xx.o [1]
  .text               ro code  0x080042e8     0x4  startup_stm32f4xx.o [1]
  .text               ro code  0x080042ec     0x4  startup_stm32f4xx.o [1]
  .text               ro code  0x080042f0     0x4  startup_stm32f4xx.o [1]
  .text               ro code  0x080042f4     0x4  startup_stm32f4xx.o [1]
  .text               ro code  0x080042f8     0x4  startup_stm32f4xx.o [1]
  .text               ro code  0x080042fc     0x4  startup_stm32f4xx.o [1]
  .text               ro code  0x08004300     0x4  startup_stm32f4xx.o [1]
  .text               ro code  0x08004304     0x4  startup_stm32f4xx.o [1]
  .text               ro code  0x08004308     0x4  startup_stm32f4xx.o [1]
  .text               ro code  0x0800430c     0x4  startup_stm32f4xx.o [1]
  .text               ro code  0x08004310     0x4  startup_stm32f4xx.o [1]
  .text               ro code  0x08004314     0x4  startup_stm32f4xx.o [1]
  .text               ro code  0x08004318     0x4  startup_stm32f4xx.o [1]
  .text               ro code  0x0800431c     0x4  startup_stm32f4xx.o [1]
  .text               ro code  0x08004320     0x4  startup_stm32f4xx.o [1]
  .text               ro code  0x08004324     0x4  startup_stm32f4xx.o [1]
  .text               ro code  0x08004328     0x4  startup_stm32f4xx.o [1]
  .text               ro code  0x0800432c     0x4  startup_stm32f4xx.o [1]
  .text               ro code  0x08004330     0x4  startup_stm32f4xx.o [1]
  .text               ro code  0x08004334     0x4  startup_stm32f4xx.o [1]
  .text               ro code  0x08004338     0x4  startup_stm32f4xx.o [1]
  .text               ro code  0x0800433c     0x4  startup_stm32f4xx.o [1]
  .text               ro code  0x08004340     0x4  startup_stm32f4xx.o [1]
  .text               ro code  0x08004344     0x4  startup_stm32f4xx.o [1]
  .text               ro code  0x08004348     0x4  startup_stm32f4xx.o [1]
  .text               ro code  0x0800434c     0x4  startup_stm32f4xx.o [1]
  .text               ro code  0x08004350     0x4  startup_stm32f4xx.o [1]
  .rodata             const    0x08004354     0x0  zero_init3.o [5]
  .rodata             const    0x08004354     0x0  packbits_init.o [5]
  Initializer bytes   const    0x08004354   0x129  <for P2 s0>
                             - 0x0800447d  0x42f5

"P2":                                      0x17f8
  P2 s0                        0x20000000   0x2be  <Init block>
    __DLIB_PERTHREAD  inited   0x20000000    0x8c  rand.o [3]
    __DLIB_PERTHREAD  inited   0x2000008c    0x88  localeconv.o [3]
    __DLIB_PERTHREAD  inited   0x20000114    0x74  setlocale.o [3]
    .data             inited   0x20000188    0x58  usbd_cdc_core.o [1]
    .data             inited   0x200001e0    0x2c  usbd_cdc_core.o [1]
    .data             inited   0x2000020c    0x2c  usbd_core.o [1]
    .data             inited   0x20000238    0x1c  usbd_desc.o [1]
    .data             inited   0x20000254    0x1c  usbd_usr.o [1]
    .data             inited   0x20000270    0x14  system_stm32f4xx.o [1]
    .data             inited   0x20000284    0x14  usbd_cdc_vcp.o [1]
    .data             inited   0x20000298    0x14  usbd_desc.o [1]
    .data             inited   0x200002ac     0x8  usbd_cdc_vcp.o [1]
    .data             inited   0x200002b4     0x4  usbd_core.o [1]
    .data             inited   0x200002b8     0x4  usbd_desc.o [1]
    .data             inited   0x200002bc     0x2  main.o [1]
  .bss                zero     0x200002c0   0x814  usbd_cdc_core.o [1]
  .bss                zero     0x20000ad4   0x5f0  main.o [1]
  .bss                zero     0x200010c4    0x80  usbd_cdc_vcp.o [1]
  .bss                zero     0x20001144    0x40  usbd_cdc_core.o [1]
  .bss                zero     0x20001184    0x34  usbd_req.o [1]
  .bss                zero     0x200011b8    0x14  main.o [1]
  .bss                zero     0x200011cc     0xc  usbd_req.o [1]
  .bss                zero     0x200011d8     0x8  usbd_cdc_vcp.o [1]
  .bss                zero     0x200011e0     0x8  xxmemxmalloc.o [3]
  .bss                zero     0x200011e8     0x4  usbd_req.o [1]
  .bss                zero     0x200011ec     0x4  xgetmemchunk.o [3]
  .bss                zero     0x200011f0     0x1  main.o [1]
  CSTACK                       0x200011f8   0x400  <Block>
    CSTACK            uninit   0x200011f8   0x400  <Block tail>
  HEAP                         0x200015f8   0x200  <Block>
    HEAP              uninit   0x200015f8   0x200  <Block tail>
                             - 0x200017f8  0x17f8


*******************************************************************************
*** INIT TABLE
***

          Address     Size
          -------     ----
Zero (__iar_zero_init3)
    1 destination range, total size 0xf31:
          0x200002c0  0xf31

Copy/packbits (__iar_packbits_init3)
    1 source range, total size 0x129 (42% of destination):
          0x08004354  0x129
    1 destination range, total size 0x2be:
          0x20000000  0x2be



*******************************************************************************
*** MODULE SUMMARY
***

    Module                 ro code  ro data  rw data
    ------                 -------  -------  -------
F:\Google Drive\GitHub\STM32F4-Project\STM32F4-Discovery_FW_V1.1.0\Project\Peripheral_Examples\Test VCP from CooCox - OK! 11-12-2558\EWARM\Sender\Obj: [1]
    main.o                     736        1    1 543
    misc.o                     120
    startup_stm32f4xx.o        772
    stm32f4xx_exti.o            16
    stm32f4xx_gpio.o           148
    stm32f4xx_rcc.o             88
    system_stm32f4xx.o         224        8       20
    usb_bsp.o                  232
    usb_core.o               2 020
    usb_dcd.o                  444
    usb_dcd_int.o            1 098
    usbd_cdc_core.o            572       56    2 264
    usbd_cdc_vcp.o             220       11      164
    usbd_core.o                558       21       48
    usbd_desc.o                268       23       52
    usbd_ioreq.o               122
    usbd_req.o                 964                68
    usbd_usr.o                  14       12       28
    ------------------------------------------------
    Total:                   8 616      132    4 187

command line: [2]
    ------------------------------------------------
    Total:

dl7M_tlf.a: [3]
    abort.o                      6
    div.o                       14
    exit.o                       4
    localeconv.o               108       57      136
    low_level_init.o             4
    rand.o                     224       59      140
    setlocale.o                 20       49      116
    sprintf.o                   52
    srand.o                     32
    strcat.o                    28
    xencoding_sb.o              96
    xgetmemchunk.o              44                 4
    xmbcurmax.o                 10
    xmbtowc.o                   32
    xprintffull.o            4 434
    xsprout.o                   10
    xtls.o                       2
    xwctomb.o                   26
    xxmemxfree.o               128
    xxmemxmalloc.o             176                 8
    ------------------------------------------------
    Total:                   5 450      165      404

m7M_tl.a: [4]
    DblAdd.o                   212
    DblCmpGe.o                  46
    DblCmpLe.o                  46
    DblDiv.o                   598
    DblMul.o                   418
    DblSub.o                   384
    DblToI32.o                  88
    I32ToDbl.o                  48
    xdnorm.o                    66
    xdscale.o                  268
    ------------------------------------------------
    Total:                   2 174

rt7M_tl.a: [5]
    ABImemcpy_unaligned.o      118
    I64DivMod.o                238
    I64DivZer.o                  2
    cexit.o                     10
    cmain.o                     26
    cstartup_M.o                12
    data_init.o                 40
    memchr.o                    88
    packbits_init.o            208
    strchr.o                    22
    strlen.o                    54
    zero_init3.o                64
    ------------------------------------------------
    Total:                     882

shb_l.a: [6]
    exit.o                      20
    time.o                      18
    ------------------------------------------------
    Total:                      38

    Gaps                        32                 2
    Linker created                       44    1 536
----------------------------------------------------
    Grand Total:            17 192      341    6 129


*******************************************************************************
*** ENTRY LIST
***

Entry                      Address   Size  Type      Object
-----                      -------   ----  ----      ------
.iar.init_table$$Base   0x08004170          --   Gb  - Linker created -
.iar.init_table$$Limit  0x0800419c          --   Gb  - Linker created -
?main                   0x0800419d         Code  Gb  cmain.o [5]
AHBPrescTable           0x20000270   0x10  Data  Gb  system_stm32f4xx.o [1]
APP_Rx_Buffer           0x200002d4  0x800  Data  Gb  usbd_cdc_core.o [1]
APP_Rx_length           0x200002cc    0x4  Data  Gb  usbd_cdc_core.o [1]
APP_Rx_ptr_in           0x200002c4    0x4  Data  Gb  usbd_cdc_core.o [1]
APP_Rx_ptr_out          0x200002c8    0x4  Data  Gb  usbd_cdc_core.o [1]
APP_Tx_Buffer           0x200010c4   0x80  Data  Gb  usbd_cdc_vcp.o [1]
APP_tx_ptr_head         0x200011d8    0x4  Data  Gb  usbd_cdc_vcp.o [1]
APP_tx_ptr_tail         0x200011dc    0x4  Data  Gb  usbd_cdc_vcp.o [1]
BusFault_Handler        0x080038fd    0x2  Code  Gb  main.o [1]
CSTACK$$Base            0x200011f8          --   Gb  - Linker created -
CSTACK$$Limit           0x200015f8          --   Gb  - Linker created -
CmdBuff                 0x20000194    0x8  Data  Gb  usbd_cdc_core.o [1]
ColorfulRingOfDeath     0x0800389f   0x26  Code  Gb  main.o [1]
DCD_EP_Close            0x08003337   0x24  Code  Gb  usb_dcd.o [1]
DCD_EP_ClrStall         0x080033e9   0x14  Code  Gb  usb_dcd.o [1]
DCD_EP_Open             0x080032fd   0x3a  Code  Gb  usb_dcd.o [1]
DCD_EP_PrepareRx        0x0800335b   0x24  Code  Gb  usb_dcd.o [1]
DCD_EP_SetAddress       0x0800341d   0x10  Code  Gb  usb_dcd.o [1]
DCD_EP_Stall            0x080033c5   0x14  Code  Gb  usb_dcd.o [1]
DCD_EP_Tx               0x0800338b   0x24  Code  Gb  usb_dcd.o [1]
DCD_HandleInEP_ISR      0x08002cab   0xd6  Code  Lc  usb_dcd_int.o [1]
DCD_HandleOutEP_ISR     0x08002d81   0xa6  Code  Lc  usb_dcd_int.o [1]
DCD_Init                0x08003271   0x8c  Code  Gb  usb_dcd.o [1]
DCD_WriteEmptyTxFifo    0x08002e41   0x6a  Code  Lc  usb_dcd_int.o [1]
DebugMon_Handler        0x08003903    0x2  Code  Gb  main.o [1]
EXTI_ClearITPendingBit  0x080029d9    0x2  Code  Gb  stm32f4xx_exti.o [1]
GPIO_Init               0x08002945   0x70  Code  Gb  stm32f4xx_gpio.o [1]
GPIO_PinAFConfig        0x080029b5   0x24  Code  Gb  stm32f4xx_gpio.o [1]
HEAP$$Base              0x200015f8          --   Gb  - Linker created -
HEAP$$Limit             0x200017f8          --   Gb  - Linker created -
HardFault_Handler       0x080038f9    0x2  Code  Gb  main.o [1]
InStream_Read           0x0800401d   0x22  Code  Lc  packbits_init.o [5]
LoadInt                 0x080007bd   0x6e  Code  Lc  xprintffull.o [3]
MemManage_Handler       0x080038fb    0x2  Code  Gb  main.o [1]
Message_block           0x080037a9   0x40  Code  Gb  main.o [1]
NMI_Handler             0x080038f7    0x2  Code  Gb  main.o [1]
NVIC_Init               0x080029f3   0x58  Code  Gb  misc.o [1]
NVIC_PriorityGroupConfig
                        0x080029e9    0xa  Code  Gb  misc.o [1]
OTG_FS_IRQHandler       0x08003907    0x6  Code  Gb  main.o [1]
OTG_FS_WKUP_IRQHandler  0x0800390d   0x28  Code  Gb  main.o [1]
PendSV_Handler          0x08003905    0x2  Code  Gb  main.o [1]
RCC_AHB1PeriphClockCmd  0x080028ed   0x12  Code  Gb  stm32f4xx_rcc.o [1]
RCC_AHB2PeriphClockCmd  0x080028ff   0x12  Code  Gb  stm32f4xx_rcc.o [1]
RCC_APB1PeriphResetCmd  0x08002923   0x12  Code  Gb  stm32f4xx_rcc.o [1]
RCC_APB2PeriphClockCmd  0x08002911   0x12  Code  Gb  stm32f4xx_rcc.o [1]
Region$$Table$$Base     0x08004170          --   Gb  - Linker created -
Region$$Table$$Limit    0x0800419c          --   Gb  - Linker created -
SVC_Handler             0x08003901    0x2  Code  Gb  main.o [1]
Slave_status            0x08003771   0x38  Code  Gb  main.o [1]
SysTick_Handler         0x080038c5   0x32  Code  Gb  main.o [1]
SystemCoreClock         0x20000280    0x4  Data  Gb  system_stm32f4xx.o [1]
SystemInit              0x080039b5   0xc4  Code  Gb  system_stm32f4xx.o [1]
USBD_CDC_cb             0x200001e0   0x2c  Data  Gb  usbd_cdc_core.o [1]
USBD_ClrCfg             0x080036ab    0xe  Code  Gb  usbd_core.o [1]
USBD_CtlContinueRx      0x08003461    0x2  Code  Gb  usbd_ioreq.o [1]
USBD_CtlContinueSendData
                        0x0800343f    0x2  Code  Gb  usbd_ioreq.o [1]
USBD_CtlError           0x08003207   0x26  Code  Gb  usbd_req.o [1]
USBD_CtlPrepareRx       0x0800344f   0x12  Code  Gb  usbd_ioreq.o [1]
USBD_CtlReceiveStatus   0x08003481    0xe  Code  Gb  usbd_ioreq.o [1]
USBD_CtlSendData        0x0800342d   0x12  Code  Gb  usbd_ioreq.o [1]
USBD_CtlSendStatus      0x08003471   0x10  Code  Gb  usbd_ioreq.o [1]
USBD_DCD_INT_cb         0x2000020c   0x2c  Data  Gb  usbd_core.o [1]
USBD_DCD_INT_fops       0x200002b4    0x4  Data  Gb  usbd_core.o [1]
USBD_DataInStage        0x08003599   0x92  Code  Lc  usbd_core.o [1]
USBD_DataOutStage       0x08003527   0x72  Code  Lc  usbd_core.o [1]
USBD_DeviceDesc         0x20000298   0x14  Data  Gb  usbd_desc.o [1]
USBD_GetDescriptor      0x080030f5   0xd2  Code  Lc  usbd_req.o [1]
USBD_GetString          0x0800322d   0x44  Code  Gb  usbd_req.o [1]
USBD_Init               0x080034a7   0x34  Code  Gb  usbd_core.o [1]
USBD_IsoINIncomplete    0x080036b9    0xe  Code  Lc  usbd_core.o [1]
USBD_IsoOUTIncomplete   0x080036c7    0xe  Code  Lc  usbd_core.o [1]
USBD_LangIDDesc         0x200002b8    0x4  Data  Gb  usbd_desc.o [1]
USBD_OTG_ISR_Handler    0x08002a61  0x234  Code  Gb  usb_dcd_int.o [1]
USBD_ParseSetupRequest  0x080031cd   0x3a  Code  Gb  usbd_req.o [1]
USBD_Reset              0x0800362b   0x2e  Code  Lc  usbd_core.o [1]
USBD_Resume             0x08003659   0x16  Code  Lc  usbd_core.o [1]
USBD_SOF                0x08003683   0x12  Code  Lc  usbd_core.o [1]
USBD_SetCfg             0x08003695   0x16  Code  Gb  usbd_core.o [1]
USBD_SetupStage         0x080034db   0x4c  Code  Lc  usbd_core.o [1]
USBD_StdDevReq          0x08002ead  0x14a  Code  Gb  usbd_req.o [1]
USBD_StdEPReq           0x08003029   0xbc  Code  Gb  usbd_req.o [1]
USBD_StdItfReq          0x08002ff7   0x32  Code  Gb  usbd_req.o [1]
USBD_StrDesc            0x20001184   0x34  Data  Gb  usbd_req.o [1]
USBD_Suspend            0x0800366f   0x14  Code  Lc  usbd_core.o [1]
USBD_USR_ConfigStrDescriptor
                        0x08003f59    0x8  Code  Gb  usbd_desc.o [1]
USBD_USR_DeviceConfigured
                        0x080012ff    0x2  Code  Gb  usbd_usr.o [1]
USBD_USR_DeviceConnected
                        0x08001301    0x2  Code  Gb  usbd_usr.o [1]
USBD_USR_DeviceDescriptor
                        0x08003f11    0x8  Code  Gb  usbd_desc.o [1]
USBD_USR_DeviceDisconnected
                        0x08001303    0x2  Code  Gb  usbd_usr.o [1]
USBD_USR_DeviceReset    0x080012fd    0x2  Code  Gb  usbd_usr.o [1]
USBD_USR_DeviceResumed  0x08001307    0x2  Code  Gb  usbd_usr.o [1]
USBD_USR_DeviceSuspended
                        0x08001305    0x2  Code  Gb  usbd_usr.o [1]
USBD_USR_Init           0x080012fb    0x2  Code  Gb  usbd_usr.o [1]
USBD_USR_InterfaceStrDescriptor
                        0x08003f6d    0xa  Code  Gb  usbd_desc.o [1]
USBD_USR_LangIDStrDescriptor
                        0x08003f19    0x8  Code  Gb  usbd_desc.o [1]
USBD_USR_ManufacturerStrDescriptor
                        0x08003f33    0xa  Code  Gb  usbd_desc.o [1]
USBD_USR_ProductStrDescriptor
                        0x08003f21   0x12  Code  Gb  usbd_desc.o [1]
USBD_USR_SerialStrDescriptor
                        0x08003f3d   0x12  Code  Gb  usbd_desc.o [1]
USBD_cdc_GetCfgDesc     0x08003ef1    0x8  Code  Lc  usbd_cdc_core.o [1]
USBD_cfg_status         0x200011d0    0x4  Data  Gb  usbd_req.o [1]
USBD_default_cfg        0x200011d4    0x4  Data  Gb  usbd_req.o [1]
USBD_ep_status          0x200011e8    0x4  Data  Gb  usbd_req.o [1]
USB_OTG_BSP_EnableInterrupt
                        0x080028a7   0x2a  Code  Gb  usb_bsp.o [1]
USB_OTG_BSP_Init        0x08002805   0x96  Code  Gb  usb_bsp.o [1]
USB_OTG_BSP_mDelay      0x080028e5    0x8  Code  Gb  usb_bsp.o [1]
USB_OTG_BSP_uDelay      0x080028d1   0x14  Code  Gb  usb_bsp.o [1]
USB_OTG_CoreInit        0x08002175   0xc0  Code  Gb  usb_core.o [1]
USB_OTG_CoreInitDev     0x08002311   0xfc  Code  Gb  usb_core.o [1]
USB_OTG_CoreReset       0x08002021   0x4a  Code  Lc  usb_core.o [1]
USB_OTG_DisableGlobalInt
                        0x0800223f    0x8  Code  Gb  usb_core.o [1]
USB_OTG_EP0Activate     0x08002463   0x36  Code  Gb  usb_core.o [1]
USB_OTG_EP0StartXfer    0x08002649   0xcc  Code  Gb  usb_core.o [1]
USB_OTG_EP0_OutStart    0x0800278d   0x20  Code  Gb  usb_core.o [1]
USB_OTG_EPActivate      0x08002499   0x62  Code  Gb  usb_core.o [1]
USB_OTG_EPClearStall    0x0800273d   0x28  Code  Gb  usb_core.o [1]
USB_OTG_EPDeactivate    0x080024fb   0x2c  Code  Gb  usb_core.o [1]
USB_OTG_EPSetStall      0x08002715   0x28  Code  Gb  usb_core.o [1]
USB_OTG_EPStartXfer     0x08002527  0x122  Code  Gb  usb_core.o [1]
USB_OTG_EnableDevInt    0x0800240d   0x2e  Code  Gb  usb_core.o [1]
USB_OTG_EnableGlobalInt
                        0x08002235    0xa  Code  Gb  usb_core.o [1]
USB_OTG_FlushRxFifo     0x0800227b   0x24  Code  Gb  usb_core.o [1]
USB_OTG_FlushTxFifo     0x0800224d   0x2e  Code  Gb  usb_core.o [1]
USB_OTG_GetDeviceSpeed  0x0800243b   0x28  Code  Gb  usb_core.o [1]
USB_OTG_GetMode         0x080022db    0xa  Code  Gb  usb_core.o [1]
USB_OTG_InitDevSpeed    0x080022ff   0x12  Code  Gb  usb_core.o [1]
USB_OTG_IsDeviceMode    0x080022e5   0x10  Code  Gb  usb_core.o [1]
USB_OTG_ReadCoreItr     0x080022f5    0xa  Code  Gb  usb_core.o [1]
USB_OTG_ReadDevAllInEPItr
                        0x08002781    0xc  Code  Gb  usb_core.o [1]
USB_OTG_ReadDevAllOutEp_itr
                        0x08002765    0xc  Code  Gb  usb_core.o [1]
USB_OTG_ReadDevOutEP_itr
                        0x08002771   0x10  Code  Gb  usb_core.o [1]
USB_OTG_ReadPacket      0x08002095   0x24  Code  Gb  usb_core.o [1]
USB_OTG_SelectCore      0x080020b9   0xbc  Code  Gb  usb_core.o [1]
USB_OTG_SetCurrentMode  0x080022b5   0x26  Code  Gb  usb_core.o [1]
USB_OTG_UngateClock     0x080027e9   0x1c  Code  Gb  usb_core.o [1]
USB_OTG_WritePacket     0x0800206b   0x2a  Code  Gb  usb_core.o [1]
USB_OTG_dev             0x20000ad4  0x5f0  Data  Gb  main.o [1]
USB_Rx_Buffer           0x20001144   0x40  Data  Gb  usbd_cdc_core.o [1]
USB_Tx_State            0x200002c0    0x1  Data  Gb  usbd_cdc_core.o [1]
USR_cb                  0x20000254   0x1c  Data  Gb  usbd_usr.o [1]
USR_desc                0x20000238   0x1c  Data  Gb  usbd_desc.o [1]
UsageFault_Handler      0x080038ff    0x2  Code  Gb  main.o [1]
VCP_Ctrl                0x08003a9d   0x2c  Code  Lc  usbd_cdc_vcp.o [1]
VCP_DataRx              0x08003b0b   0x2e  Code  Lc  usbd_cdc_vcp.o [1]
VCP_DataTx              0x08003ae3   0x28  Code  Lc  usbd_cdc_vcp.o [1]
VCP_DeInit              0x08003a99    0x4  Code  Lc  usbd_cdc_vcp.o [1]
VCP_Init                0x08003a95    0x4  Code  Lc  usbd_cdc_vcp.o [1]
VCP_fops                0x20000284   0x14  Data  Gb  usbd_cdc_vcp.o [1]
VCP_get_char            0x08003b39   0x24  Code  Gb  usbd_cdc_vcp.o [1]
VCP_put_char            0x08003ac9    0xc  Code  Gb  usbd_cdc_vcp.o [1]
VCP_send_str            0x08003ad5    0xe  Code  Gb  usbd_cdc_vcp.o [1]
_EncodingSb_Mbtowc      0x08001ed3   0x30  Code  Gb  xencoding_sb.o [3]
_EncodingSb_Wctomb      0x08001eb9   0x1a  Code  Gb  xencoding_sb.o [3]
_GenldFull              0x08001047  0x24c  Code  Lc  xprintffull.o [3]
_IsdstStr               0x20000118    0x4  Data  Gb  setlocale.o [3]
_LdtobFull              0x08000c45  0x3fc  Code  Lc  xprintffull.o [3]
_LitobFull              0x08000b3d  0x106  Code  Lc  xprintffull.o [3]
_LocaleEncoding         0x08001ea5    0xe  Code  Gb  setlocale.o [3]
_LocaleReturnString     0x20000138   0x50  Data  Lc  setlocale.o [3]
_Locale_Profile         0x2000011c   0x1c  Data  Gb  setlocale.o [3]
_Locale_aeabi_lconv     0x200000dc   0x38  Data  Gb  localeconv.o [3]
_Locale_lconv           0x2000008c   0x50  Data  Gb  localeconv.o [3]
_Mbtowc                 0x080012db   0x20  Code  Gb  xmbtowc.o [3]
_PrintfFull             0x08000189  0x61e  Code  Gb  xprintffull.o [3]
_PutcharsFull           0x08001293   0x2e  Code  Lc  xprintffull.o [3]
_PutstrFull             0x0800082b  0x30c  Code  Lc  xprintffull.o [3]
_Rand_idx               0x20000008    0x4  Data  Lc  rand.o [3]
_Rand_rv                0x2000000c   0x80  Data  Lc  rand.o [3]
_Randinit               0x20000000    0x1  Data  Gb  rand.o [3]
_Randseed               0x20000004    0x4  Data  Gb  rand.o [3]
_SProut                 0x0800131f    0xa  Code  Gb  xsprout.o [3]
_TzoneStr               0x20000114    0x4  Data  Gb  setlocale.o [3]
_Wctomb                 0x08001475   0x1a  Code  Gb  xwctomb.o [3]
__aeabi_cdcmple         0x080016b9         Code  Gb  DblCmpLe.o [4]
__aeabi_cdrcmple        0x080016e9         Code  Gb  DblCmpGe.o [4]
__aeabi_d2iz            0x08001825         Code  Gb  DblToI32.o [4]
__aeabi_d2uiz           0x08001851         Code  Gb  DblToI32.o [4]
__aeabi_ddiv            0x08001bd1         Code  Gb  DblDiv.o [4]
__aeabi_dmul            0x08001a2d         Code  Gb  DblMul.o [4]
__aeabi_dsub            0x080018ad         Code  Gb  DblSub.o [4]
__aeabi_i2d             0x0800187d         Code  Gb  I32ToDbl.o [4]
__aeabi_ldiv0           0x08001f45         Code  Gb  I64DivZer.o [5]
__aeabi_ui2d            0x08001891         Code  Gb  I32ToDbl.o [4]
__aeabi_uldivmod        0x08001589         Code  Gb  I64DivMod.o [5]
__cmain                 0x0800419d         Code  Gb  cmain.o [5]
__data_Aldata           0x200011e0    0x8  Data  Gb  xxmemxmalloc.o [3]
__data_GetMemChunk      0x08001f19   0x2c  Code  Gb  xgetmemchunk.o [3]
__exit                  0x080040f5   0x14  Code  Gb  exit.o [6]
__iar_Dnorm             0x08001677   0x42  Code  Gb  xdnorm.o [4]
__iar_Dscale            0x08001719  0x10c  Code  Gb  xdscale.o [4]
__iar_Locale_lconv_init
                        0x08001e29   0x3a  Code  Gb  localeconv.o [3]
__iar_Mbcurmax          0x080013b9    0xa  Code  Gb  xmbcurmax.o [3]
__iar_Memchr            0x08001361         Code  Gb  memchr.o [5]
__iar_Strchr            0x08001309         Code  Gb  strchr.o [5]
__iar_d2uiz             0x0800185d         Code  Gb  DblToI32.o [4]
__iar_dadd              0x08001f49         Code  Gb  DblAdd.o [4]
__iar_data_init3        0x08004149   0x28  Code  Gb  data_init.o [5]
__iar_dlib_perthread_access
                        0x0800201d    0x2  Code  Gb  xtls.o [3]
__iar_dsub              0x080018c1         Code  Gb  DblSub.o [4]
__iar_dsubStart         0x080018d3         Code  Gb  DblSub.o [4]
__iar_packbits_init3    0x0800403f   0xae  Code  Gb  packbits_init.o [5]
__iar_program_start     0x080041e1         Code  Gb  cstartup_M.o [5]
__iar_ui2d              0x08001895         Code  Gb  I32ToDbl.o [4]
__iar_unaligned___aeabi_memcpy
                        0x08001491         Code  Gb  ABImemcpy_unaligned.o [5]
__iar_unaligned___aeabi_memcpy4
                        0x080014b1         Code  Gb  ABImemcpy_unaligned.o [5]
__iar_unaligned___aeabi_memcpy8
                        0x080014b1         Code  Gb  ABImemcpy_unaligned.o [5]
__iar_zero_init3        0x08004109   0x40  Code  Gb  zero_init3.o [5]
__low_level_init        0x080041b7    0x4  Code  Gb  low_level_init.o [3]
__time32                0x08003b8d   0x12  Code  Gb  time.o [6]
__vector_table          0x08000000         Data  Gb  startup_stm32f4xx.o [1]
_call_main              0x080041a9         Code  Gb  cmain.o [5]
_exit                   0x080041c1         Code  Gb  cexit.o [5]
_main                   0x080041b3         Code  Gb  cmain.o [5]
abort                   0x080040ed    0x6  Code  Gb  abort.o [3]
cdcCmd                  0x2000018c    0x4  Data  Lc  usbd_cdc_core.o [1]
cdcLen                  0x20000190    0x4  Data  Lc  usbd_cdc_core.o [1]
div                     0x08001e95    0xe  Code  Gb  div.o [3]
downTickerA             0x200011c0    0x4  Data  Gb  main.o [1]
downTickerD             0x200011c4    0x4  Data  Gb  main.o [1]
downTickerS             0x200011c8    0x4  Data  Gb  main.o [1]
downTickerW             0x200011bc    0x4  Data  Gb  main.o [1]
exit                    0x080041bb    0x4  Code  Gb  exit.o [3]
free                    0x08001509   0x7a  Code  Gb  xxmemxfree.o [3]
init                    0x080036ff   0x72  Code  Gb  main.o [1]
itoa                    0x0800388b   0x14  Code  Gb  main.o [1]
linecoding              0x200002ac    0x8  Data  Gb  usbd_cdc_vcp.o [1]
localeconv              0x08001e63   0x16  Code  Gb  localeconv.o [3]
main                    0x080036d5   0x2a  Code  Gb  main.o [1]
malloc                  0x080013c5   0xac  Code  Gb  xxmemxmalloc.o [3]
memchr                  0x08001361         Code  Gb  memchr.o [5]
rand                    0x08003bc1   0xe0  Code  Gb  rand.o [3]
slave_no                0x200002bc    0x1  Data  Gb  main.o [1]
sprintf                 0x08003ca1   0x34  Code  Gb  sprintf.o [3]
srand                   0x08003ba1   0x20  Code  Gb  srand.o [3]
strcat                  0x08003b71   0x1c  Code  Gb  strcat.o [3]
strchr                  0x08001309         Code  Gb  strchr.o [5]
strlen                  0x08001329         Code  Gb  strlen.o [5]
task_store              0x200011f0    0x1  Data  Gb  main.o [1]
task_total              0x200002bd    0x1  Data  Gb  main.o [1]
ticker                  0x200011b8    0x4  Data  Gb  main.o [1]
uniq_Random_task        0x080037f7   0x94  Code  Gb  main.o [1]
usbd_cdc_AltSet         0x20000188    0x4  Data  Lc  usbd_cdc_core.o [1]
usbd_cdc_CfgDesc        0x2000019c   0x44  Data  Gb  usbd_cdc_core.o [1]
usbd_cdc_DataIn         0x08003e19   0x2e  Code  Lc  usbd_cdc_core.o [1]
usbd_cdc_DataOut        0x08003e47   0x2e  Code  Lc  usbd_cdc_core.o [1]
usbd_cdc_DeInit         0x08003d2f   0x24  Code  Lc  usbd_cdc_core.o [1]
usbd_cdc_EP0_RxReady    0x08003dfb   0x1e  Code  Lc  usbd_cdc_core.o [1]
usbd_cdc_Init           0x08003cd5   0x5a  Code  Lc  usbd_cdc_core.o [1]
usbd_cdc_SOF            0x08003e75   0x58  Code  Lc  usbd_cdc_core.o [1]
usbd_cdc_Setup          0x08003d53   0xa8  Code  Lc  usbd_cdc_core.o [1]


[1] = F:\Google Drive\GitHub\STM32F4-Project\STM32F4-Discovery_FW_V1.1.0\Project\Peripheral_Examples\Test VCP from CooCox - OK! 11-12-2558\EWARM\Sender\Obj
[2] = command line
[3] = dl7M_tlf.a
[4] = m7M_tl.a
[5] = rt7M_tl.a
[6] = shb_l.a

  17 192 bytes of readonly  code memory
     341 bytes of readonly  data memory
   6 129 bytes of readwrite data memory

Errors: none
Warnings: none
