###############################################################################
#
# IAR ELF Linker V7.40.7.9843/W32 for ARM                 11/Dec/2015  17:08:50
# Copyright 2007-2015 IAR Systems AB.
#
#    Output file  =  
#        F:\Google Drive\THESIS !!!!\Thesis LOG
#        16_06_58\STM32F4-Discovery_FW_V1.1.0\Project\Peripheral_Examples\Test
#        VCP from CooCox\EWARM\Sender\Exe\IO_Toggle.out
#    Map file     =  
#        F:\Google Drive\THESIS !!!!\Thesis LOG
#        16_06_58\STM32F4-Discovery_FW_V1.1.0\Project\Peripheral_Examples\Test
#        VCP from CooCox\EWARM\Sender\List\IO_Toggle.map
#    Command line =  
#        "F:\Google Drive\THESIS !!!!\Thesis LOG
#        16_06_58\STM32F4-Discovery_FW_V1.1.0\Project\Peripheral_Examples\Test
#        VCP from CooCox\EWARM\Sender\Obj\main.o" "F:\Google Drive\THESIS
#        !!!!\Thesis LOG
#        16_06_58\STM32F4-Discovery_FW_V1.1.0\Project\Peripheral_Examples\Test
#        VCP from CooCox\EWARM\Sender\Obj\misc.o" "F:\Google Drive\THESIS
#        !!!!\Thesis LOG
#        16_06_58\STM32F4-Discovery_FW_V1.1.0\Project\Peripheral_Examples\Test
#        VCP from CooCox\EWARM\Sender\Obj\startup_stm32f4xx.o" "F:\Google
#        Drive\THESIS !!!!\Thesis LOG
#        16_06_58\STM32F4-Discovery_FW_V1.1.0\Project\Peripheral_Examples\Test
#        VCP from CooCox\EWARM\Sender\Obj\stm32f4xx_exti.o" "F:\Google
#        Drive\THESIS !!!!\Thesis LOG
#        16_06_58\STM32F4-Discovery_FW_V1.1.0\Project\Peripheral_Examples\Test
#        VCP from CooCox\EWARM\Sender\Obj\stm32f4xx_gpio.o" "F:\Google
#        Drive\THESIS !!!!\Thesis LOG
#        16_06_58\STM32F4-Discovery_FW_V1.1.0\Project\Peripheral_Examples\Test
#        VCP from CooCox\EWARM\Sender\Obj\stm32f4xx_rcc.o" "F:\Google
#        Drive\THESIS !!!!\Thesis LOG
#        16_06_58\STM32F4-Discovery_FW_V1.1.0\Project\Peripheral_Examples\Test
#        VCP from CooCox\EWARM\Sender\Obj\stm32f4xx_usart.o" "F:\Google
#        Drive\THESIS !!!!\Thesis LOG
#        16_06_58\STM32F4-Discovery_FW_V1.1.0\Project\Peripheral_Examples\Test
#        VCP from CooCox\EWARM\Sender\Obj\system_stm32f4xx.o" "F:\Google
#        Drive\THESIS !!!!\Thesis LOG
#        16_06_58\STM32F4-Discovery_FW_V1.1.0\Project\Peripheral_Examples\Test
#        VCP from CooCox\EWARM\Sender\Obj\usb_bsp.o" "F:\Google Drive\THESIS
#        !!!!\Thesis LOG
#        16_06_58\STM32F4-Discovery_FW_V1.1.0\Project\Peripheral_Examples\Test
#        VCP from CooCox\EWARM\Sender\Obj\usb_core.o" "F:\Google Drive\THESIS
#        !!!!\Thesis LOG
#        16_06_58\STM32F4-Discovery_FW_V1.1.0\Project\Peripheral_Examples\Test
#        VCP from CooCox\EWARM\Sender\Obj\usb_dcd.o" "F:\Google Drive\THESIS
#        !!!!\Thesis LOG
#        16_06_58\STM32F4-Discovery_FW_V1.1.0\Project\Peripheral_Examples\Test
#        VCP from CooCox\EWARM\Sender\Obj\usb_dcd_int.o" "F:\Google
#        Drive\THESIS !!!!\Thesis LOG
#        16_06_58\STM32F4-Discovery_FW_V1.1.0\Project\Peripheral_Examples\Test
#        VCP from CooCox\EWARM\Sender\Obj\usbd_cdc_core.o" "F:\Google
#        Drive\THESIS !!!!\Thesis LOG
#        16_06_58\STM32F4-Discovery_FW_V1.1.0\Project\Peripheral_Examples\Test
#        VCP from CooCox\EWARM\Sender\Obj\usbd_cdc_vcp.o" "F:\Google
#        Drive\THESIS !!!!\Thesis LOG
#        16_06_58\STM32F4-Discovery_FW_V1.1.0\Project\Peripheral_Examples\Test
#        VCP from CooCox\EWARM\Sender\Obj\usbd_core.o" "F:\Google Drive\THESIS
#        !!!!\Thesis LOG
#        16_06_58\STM32F4-Discovery_FW_V1.1.0\Project\Peripheral_Examples\Test
#        VCP from CooCox\EWARM\Sender\Obj\usbd_desc.o" "F:\Google Drive\THESIS
#        !!!!\Thesis LOG
#        16_06_58\STM32F4-Discovery_FW_V1.1.0\Project\Peripheral_Examples\Test
#        VCP from CooCox\EWARM\Sender\Obj\usbd_ioreq.o" "F:\Google Drive\THESIS
#        !!!!\Thesis LOG
#        16_06_58\STM32F4-Discovery_FW_V1.1.0\Project\Peripheral_Examples\Test
#        VCP from CooCox\EWARM\Sender\Obj\usbd_req.o" "F:\Google Drive\THESIS
#        !!!!\Thesis LOG
#        16_06_58\STM32F4-Discovery_FW_V1.1.0\Project\Peripheral_Examples\Test
#        VCP from CooCox\EWARM\Sender\Obj\usbd_usr.o" --redirect
#        _Printf=_PrintfFull --redirect _Scanf=_ScanfSmall -o "F:\Google
#        Drive\THESIS !!!!\Thesis LOG
#        16_06_58\STM32F4-Discovery_FW_V1.1.0\Project\Peripheral_Examples\Test
#        VCP from CooCox\EWARM\Sender\Exe\IO_Toggle.out" --map "F:\Google
#        Drive\THESIS !!!!\Thesis LOG
#        16_06_58\STM32F4-Discovery_FW_V1.1.0\Project\Peripheral_Examples\Test
#        VCP from CooCox\EWARM\Sender\List\IO_Toggle.map" --config "F:\Google
#        Drive\THESIS !!!!\Thesis LOG
#        16_06_58\STM32F4-Discovery_FW_V1.1.0\Project\Peripheral_Examples\Test
#        VCP from CooCox\EWARM\stm32f4xx_flash.icf" --semihosting --entry
#        __iar_program_start --vfe
#
###############################################################################

*******************************************************************************
*** RUNTIME MODEL ATTRIBUTES
***

CppFlavor       = *
__SystemLibrary = DLib


*******************************************************************************
*** PLACEMENT SUMMARY
***

"A1":  place at 0x08000000 { ro section .intvec };
"P1":  place in [from 0x08000000 to 0x080fffff] { ro };
"P2":  place in [from 0x20000000 to 0x20020000] { rw, block CSTACK, block HEAP };

  Section            Kind        Address    Size  Object
  -------            ----        -------    ----  ------
"A1":                                      0x188
  .intvec            ro code  0x08000000   0x188  startup_stm32f4xx.o [1]
                            - 0x08000188   0x188

"P1":                                     0x2140
  .text              ro code  0x08000188   0x7e4  usb_core.o [1]
  .text              ro code  0x0800096c    0xe8  usb_bsp.o [1]
  .text              ro code  0x08000a54    0x58  stm32f4xx_rcc.o [1]
  .text              ro code  0x08000aac    0x94  stm32f4xx_gpio.o [1]
  .text              ro code  0x08000b40    0x10  stm32f4xx_exti.o [1]
  .text              ro code  0x08000b50    0x78  misc.o [1]
  .text              ro code  0x08000bc8   0x44a  usb_dcd_int.o [1]
  .text              ro code  0x08001012     0xe  usbd_usr.o [1]
  .text              ro code  0x08001020   0x3c4  usbd_req.o [1]
  .text              ro code  0x080013e4   0x1bc  usb_dcd.o [1]
  .text              ro code  0x080015a0    0x7a  usbd_ioreq.o [1]
  .text              ro code  0x0800161a   0x22e  usbd_core.o [1]
  .text              ro code  0x08001848   0x23c  usbd_cdc_core.o [1]
  .text              ro code  0x08001a84   0x1d0  main.o [1]
  .text              ro code  0x08001c54    0xe0  system_stm32f4xx.o [1]
  .text              ro code  0x08001d34    0xd0  usbd_cdc_vcp.o [1]
  .text              ro code  0x08001e04   0x10c  usbd_desc.o [1]
  .text              ro code  0x08001f10    0x40  zero_init3.o [4]
  .text              ro code  0x08001f50    0x2c  copy_init3.o [4]
  .text              ro code  0x08001f7c    0x28  data_init.o [4]
  .iar.init_table    const    0x08001fa4    0x24  - Linker created -
  .text              ro code  0x08001fc8    0x1a  cmain.o [4]
  .text              ro code  0x08001fe2     0x4  low_level_init.o [3]
  .text              ro code  0x08001fe6     0x4  exit.o [3]
  .text              ro code  0x08001fec     0xa  cexit.o [4]
  .text              ro code  0x08001ff8    0x14  exit.o [5]
  .text              ro code  0x0800200c    0x10  startup_stm32f4xx.o [1]
  .text              ro code  0x0800201c     0xc  cstartup_M.o [4]
  .text              ro code  0x08002028     0x4  startup_stm32f4xx.o [1]
  .text              ro code  0x0800202c     0x4  startup_stm32f4xx.o [1]
  .text              ro code  0x08002030     0x4  startup_stm32f4xx.o [1]
  .text              ro code  0x08002034     0x4  startup_stm32f4xx.o [1]
  .text              ro code  0x08002038     0x4  startup_stm32f4xx.o [1]
  .text              ro code  0x0800203c     0x4  startup_stm32f4xx.o [1]
  .text              ro code  0x08002040     0x4  startup_stm32f4xx.o [1]
  .text              ro code  0x08002044     0x4  startup_stm32f4xx.o [1]
  .text              ro code  0x08002048     0x4  startup_stm32f4xx.o [1]
  .text              ro code  0x0800204c     0x4  startup_stm32f4xx.o [1]
  .text              ro code  0x08002050     0x4  startup_stm32f4xx.o [1]
  .text              ro code  0x08002054     0x4  startup_stm32f4xx.o [1]
  .text              ro code  0x08002058     0x4  startup_stm32f4xx.o [1]
  .text              ro code  0x0800205c     0x4  startup_stm32f4xx.o [1]
  .text              ro code  0x08002060     0x4  startup_stm32f4xx.o [1]
  .text              ro code  0x08002064     0x4  startup_stm32f4xx.o [1]
  .text              ro code  0x08002068     0x4  startup_stm32f4xx.o [1]
  .text              ro code  0x0800206c     0x4  startup_stm32f4xx.o [1]
  .text              ro code  0x08002070     0x4  startup_stm32f4xx.o [1]
  .text              ro code  0x08002074     0x4  startup_stm32f4xx.o [1]
  .text              ro code  0x08002078     0x4  startup_stm32f4xx.o [1]
  .text              ro code  0x0800207c     0x4  startup_stm32f4xx.o [1]
  .text              ro code  0x08002080     0x4  startup_stm32f4xx.o [1]
  .text              ro code  0x08002084     0x4  startup_stm32f4xx.o [1]
  .text              ro code  0x08002088     0x4  startup_stm32f4xx.o [1]
  .text              ro code  0x0800208c     0x4  startup_stm32f4xx.o [1]
  .text              ro code  0x08002090     0x4  startup_stm32f4xx.o [1]
  .text              ro code  0x08002094     0x4  startup_stm32f4xx.o [1]
  .text              ro code  0x08002098     0x4  startup_stm32f4xx.o [1]
  .text              ro code  0x0800209c     0x4  startup_stm32f4xx.o [1]
  .text              ro code  0x080020a0     0x4  startup_stm32f4xx.o [1]
  .text              ro code  0x080020a4     0x4  startup_stm32f4xx.o [1]
  .text              ro code  0x080020a8     0x4  startup_stm32f4xx.o [1]
  .text              ro code  0x080020ac     0x4  startup_stm32f4xx.o [1]
  .text              ro code  0x080020b0     0x4  startup_stm32f4xx.o [1]
  .text              ro code  0x080020b4     0x4  startup_stm32f4xx.o [1]
  .text              ro code  0x080020b8     0x4  startup_stm32f4xx.o [1]
  .text              ro code  0x080020bc     0x4  startup_stm32f4xx.o [1]
  .text              ro code  0x080020c0     0x4  startup_stm32f4xx.o [1]
  .text              ro code  0x080020c4     0x4  startup_stm32f4xx.o [1]
  .text              ro code  0x080020c8     0x4  startup_stm32f4xx.o [1]
  .text              ro code  0x080020cc     0x4  startup_stm32f4xx.o [1]
  .text              ro code  0x080020d0     0x4  startup_stm32f4xx.o [1]
  .text              ro code  0x080020d4     0x4  startup_stm32f4xx.o [1]
  .text              ro code  0x080020d8     0x4  startup_stm32f4xx.o [1]
  .text              ro code  0x080020dc     0x4  startup_stm32f4xx.o [1]
  .text              ro code  0x080020e0     0x4  startup_stm32f4xx.o [1]
  .text              ro code  0x080020e4     0x4  startup_stm32f4xx.o [1]
  .text              ro code  0x080020e8     0x4  startup_stm32f4xx.o [1]
  .text              ro code  0x080020ec     0x4  startup_stm32f4xx.o [1]
  .text              ro code  0x080020f0     0x4  startup_stm32f4xx.o [1]
  .text              ro code  0x080020f4     0x4  startup_stm32f4xx.o [1]
  .text              ro code  0x080020f8     0x4  startup_stm32f4xx.o [1]
  .text              ro code  0x080020fc     0x4  startup_stm32f4xx.o [1]
  .text              ro code  0x08002100     0x4  startup_stm32f4xx.o [1]
  .text              ro code  0x08002104     0x4  startup_stm32f4xx.o [1]
  .text              ro code  0x08002108     0x4  startup_stm32f4xx.o [1]
  .text              ro code  0x0800210c     0x4  startup_stm32f4xx.o [1]
  .text              ro code  0x08002110     0x4  startup_stm32f4xx.o [1]
  .text              ro code  0x08002114     0x4  startup_stm32f4xx.o [1]
  .text              ro code  0x08002118     0x4  startup_stm32f4xx.o [1]
  .text              ro code  0x0800211c     0x4  startup_stm32f4xx.o [1]
  .text              ro code  0x08002120     0x4  startup_stm32f4xx.o [1]
  .text              ro code  0x08002124     0x4  startup_stm32f4xx.o [1]
  .text              ro code  0x08002128     0x4  startup_stm32f4xx.o [1]
  .text              ro code  0x0800212c     0x4  startup_stm32f4xx.o [1]
  .text              ro code  0x08002130     0x4  startup_stm32f4xx.o [1]
  .text              ro code  0x08002134     0x4  startup_stm32f4xx.o [1]
  .text              ro code  0x08002138     0x4  startup_stm32f4xx.o [1]
  .text              ro code  0x0800213c     0x4  startup_stm32f4xx.o [1]
  .text              ro code  0x08002140     0x4  startup_stm32f4xx.o [1]
  .text              ro code  0x08002144     0x4  startup_stm32f4xx.o [1]
  .text              ro code  0x08002148     0x4  startup_stm32f4xx.o [1]
  .text              ro code  0x0800214c     0x4  startup_stm32f4xx.o [1]
  .text              ro code  0x08002150     0x4  startup_stm32f4xx.o [1]
  .text              ro code  0x08002154     0x4  startup_stm32f4xx.o [1]
  .text              ro code  0x08002158     0x4  startup_stm32f4xx.o [1]
  .text              ro code  0x0800215c     0x4  startup_stm32f4xx.o [1]
  .text              ro code  0x08002160     0x4  startup_stm32f4xx.o [1]
  .text              ro code  0x08002164     0x4  startup_stm32f4xx.o [1]
  .text              ro code  0x08002168     0x4  startup_stm32f4xx.o [1]
  .text              ro code  0x0800216c     0x4  startup_stm32f4xx.o [1]
  .text              ro code  0x08002170     0x4  startup_stm32f4xx.o [1]
  .text              ro code  0x08002174     0x4  startup_stm32f4xx.o [1]
  .text              ro code  0x08002178     0x4  startup_stm32f4xx.o [1]
  .text              ro code  0x0800217c     0x4  startup_stm32f4xx.o [1]
  .text              ro code  0x08002180     0x4  startup_stm32f4xx.o [1]
  .text              ro code  0x08002184     0x4  startup_stm32f4xx.o [1]
  .text              ro code  0x08002188     0x4  startup_stm32f4xx.o [1]
  .text              ro code  0x0800218c     0x4  startup_stm32f4xx.o [1]
  .text              ro code  0x08002190     0x4  startup_stm32f4xx.o [1]
  .rodata            const    0x08002194     0x0  zero_init3.o [4]
  .rodata            const    0x08002194     0x0  copy_init3.o [4]
  Initializer bytes  const    0x08002194   0x134  <for P2 s0>
                            - 0x080022c8  0x2140

"P2":                                     0x1458
  P2 s0                       0x20000000   0x134  <Init block>
    .data            inited   0x20000000    0x58  usbd_cdc_core.o [1]
    .data            inited   0x20000058    0x2c  usbd_cdc_core.o [1]
    .data            inited   0x20000084    0x2c  usbd_core.o [1]
    .data            inited   0x200000b0    0x1c  usbd_desc.o [1]
    .data            inited   0x200000cc    0x1c  usbd_usr.o [1]
    .data            inited   0x200000e8    0x14  system_stm32f4xx.o [1]
    .data            inited   0x200000fc    0x14  usbd_cdc_vcp.o [1]
    .data            inited   0x20000110    0x14  usbd_desc.o [1]
    .data            inited   0x20000124     0x8  usbd_cdc_vcp.o [1]
    .data            inited   0x2000012c     0x4  usbd_core.o [1]
    .data            inited   0x20000130     0x4  usbd_desc.o [1]
  .bss               zero     0x20000134   0x814  usbd_cdc_core.o [1]
  .bss               zero     0x20000948   0x5f0  main.o [1]
  .bss               zero     0x20000f38    0x80  usbd_cdc_vcp.o [1]
  .bss               zero     0x20000fb8    0x40  usbd_cdc_core.o [1]
  .bss               zero     0x20000ff8    0x34  usbd_req.o [1]
  .bss               zero     0x2000102c    0x14  main.o [1]
  .bss               zero     0x20001040     0xc  usbd_req.o [1]
  .bss               zero     0x2000104c     0x8  usbd_cdc_vcp.o [1]
  .bss               zero     0x20001054     0x4  usbd_req.o [1]
  CSTACK                      0x20001058   0x400  <Block>
    CSTACK           uninit   0x20001058   0x400  <Block tail>
                            - 0x20001458  0x1458


*******************************************************************************
*** INIT TABLE
***

          Address     Size
          -------     ----
Zero (__iar_zero_init3)
    1 destination range, total size 0xf24:
          0x20000134  0xf24

Copy (__iar_copy_init3)
    1 source range, total size 0x134:
          0x08002194  0x134
    1 destination range, total size 0x134:
          0x20000000  0x134



*******************************************************************************
*** MODULE SUMMARY
***

    Module               ro code  ro data  rw data
    ------               -------  -------  -------
F:\Google Drive\THESIS !!!!\Thesis LOG 16_06_58\STM32F4-Discovery_FW_V1.1.0\Project\Peripheral_Examples\Test VCP from CooCox\EWARM\Sender\Obj: [1]
    main.o                   464             1 540
    misc.o                   120
    startup_stm32f4xx.o      772
    stm32f4xx_exti.o          16
    stm32f4xx_gpio.o         148
    stm32f4xx_rcc.o           88
    system_stm32f4xx.o       224       20       20
    usb_bsp.o                232
    usb_core.o             2 020
    usb_dcd.o                444
    usb_dcd_int.o          1 098
    usbd_cdc_core.o          572      132    2 264
    usbd_cdc_vcp.o           208       28      164
    usbd_core.o              558       48       48
    usbd_desc.o              268       52       52
    usbd_ioreq.o             122
    usbd_req.o               964                68
    usbd_usr.o                14       28       28
    ----------------------------------------------
    Total:                 8 332      308    4 184

command line: [2]
    ----------------------------------------------
    Total:

dl7M_tln.a: [3]
    exit.o                     4
    low_level_init.o           4
    ----------------------------------------------
    Total:                     8

rt7M_tl.a: [4]
    cexit.o                   10
    cmain.o                   26
    copy_init3.o              44
    cstartup_M.o              12
    data_init.o               40
    zero_init3.o              64
    ----------------------------------------------
    Total:                   196

shb_l.a: [5]
    exit.o                    20
    ----------------------------------------------
    Total:                    20

    Gaps                       4
    Linker created                     36    1 024
--------------------------------------------------
    Grand Total:           8 560      344    5 208


*******************************************************************************
*** ENTRY LIST
***

Entry                      Address   Size  Type      Object
-----                      -------   ----  ----      ------
.iar.init_table$$Base   0x08001fa4          --   Gb  - Linker created -
.iar.init_table$$Limit  0x08001fc8          --   Gb  - Linker created -
?main                   0x08001fc9         Code  Gb  cmain.o [4]
AHBPrescTable           0x200000e8   0x10  Data  Gb  system_stm32f4xx.o [1]
APP_Rx_Buffer           0x20000148  0x800  Data  Gb  usbd_cdc_core.o [1]
APP_Rx_length           0x20000140    0x4  Data  Gb  usbd_cdc_core.o [1]
APP_Rx_ptr_in           0x20000138    0x4  Data  Gb  usbd_cdc_core.o [1]
APP_Rx_ptr_out          0x2000013c    0x4  Data  Gb  usbd_cdc_core.o [1]
APP_Tx_Buffer           0x20000f38   0x80  Data  Gb  usbd_cdc_vcp.o [1]
APP_tx_ptr_head         0x2000104c    0x4  Data  Gb  usbd_cdc_vcp.o [1]
APP_tx_ptr_tail         0x20001050    0x4  Data  Gb  usbd_cdc_vcp.o [1]
BusFault_Handler        0x08001beb    0x2  Code  Gb  main.o [1]
CSTACK$$Base            0x20001058          --   Gb  - Linker created -
CSTACK$$Limit           0x20001458          --   Gb  - Linker created -
CmdBuff                 0x2000000c    0x8  Data  Gb  usbd_cdc_core.o [1]
ColorfulRingOfDeath     0x08001b8d   0x26  Code  Gb  main.o [1]
DCD_EP_Close            0x080014ab   0x24  Code  Gb  usb_dcd.o [1]
DCD_EP_ClrStall         0x0800155d   0x14  Code  Gb  usb_dcd.o [1]
DCD_EP_Open             0x08001471   0x3a  Code  Gb  usb_dcd.o [1]
DCD_EP_PrepareRx        0x080014cf   0x24  Code  Gb  usb_dcd.o [1]
DCD_EP_SetAddress       0x08001591   0x10  Code  Gb  usb_dcd.o [1]
DCD_EP_Stall            0x08001539   0x14  Code  Gb  usb_dcd.o [1]
DCD_EP_Tx               0x080014ff   0x24  Code  Gb  usb_dcd.o [1]
DCD_HandleInEP_ISR      0x08000e13   0xd6  Code  Lc  usb_dcd_int.o [1]
DCD_HandleOutEP_ISR     0x08000ee9   0xa6  Code  Lc  usb_dcd_int.o [1]
DCD_Init                0x080013e5   0x8c  Code  Gb  usb_dcd.o [1]
DCD_WriteEmptyTxFifo    0x08000fa9   0x6a  Code  Lc  usb_dcd_int.o [1]
DebugMon_Handler        0x08001bf1    0x2  Code  Gb  main.o [1]
EXTI_ClearITPendingBit  0x08000b41    0x2  Code  Gb  stm32f4xx_exti.o [1]
GPIO_Init               0x08000aad   0x70  Code  Gb  stm32f4xx_gpio.o [1]
GPIO_PinAFConfig        0x08000b1d   0x24  Code  Gb  stm32f4xx_gpio.o [1]
HardFault_Handler       0x08001be7    0x2  Code  Gb  main.o [1]
MemManage_Handler       0x08001be9    0x2  Code  Gb  main.o [1]
NMI_Handler             0x08001be5    0x2  Code  Gb  main.o [1]
NVIC_Init               0x08000b5b   0x58  Code  Gb  misc.o [1]
NVIC_PriorityGroupConfig
                        0x08000b51    0xa  Code  Gb  misc.o [1]
OTG_FS_IRQHandler       0x08001bf5    0x6  Code  Gb  main.o [1]
OTG_FS_WKUP_IRQHandler  0x08001bfb   0x28  Code  Gb  main.o [1]
PendSV_Handler          0x08001bf3    0x2  Code  Gb  main.o [1]
RCC_AHB1PeriphClockCmd  0x08000a55   0x12  Code  Gb  stm32f4xx_rcc.o [1]
RCC_AHB2PeriphClockCmd  0x08000a67   0x12  Code  Gb  stm32f4xx_rcc.o [1]
RCC_APB1PeriphResetCmd  0x08000a8b   0x12  Code  Gb  stm32f4xx_rcc.o [1]
RCC_APB2PeriphClockCmd  0x08000a79   0x12  Code  Gb  stm32f4xx_rcc.o [1]
Region$$Table$$Base     0x08001fa4          --   Gb  - Linker created -
Region$$Table$$Limit    0x08001fc8          --   Gb  - Linker created -
SVC_Handler             0x08001bef    0x2  Code  Gb  main.o [1]
SysTick_Handler         0x08001bb3   0x32  Code  Gb  main.o [1]
SystemCoreClock         0x200000f8    0x4  Data  Gb  system_stm32f4xx.o [1]
SystemInit              0x08001c55   0xc4  Code  Gb  system_stm32f4xx.o [1]
USBD_CDC_cb             0x20000058   0x2c  Data  Gb  usbd_cdc_core.o [1]
USBD_ClrCfg             0x0800181f    0xe  Code  Gb  usbd_core.o [1]
USBD_CtlContinueRx      0x080015d5    0x2  Code  Gb  usbd_ioreq.o [1]
USBD_CtlContinueSendData
                        0x080015b3    0x2  Code  Gb  usbd_ioreq.o [1]
USBD_CtlError           0x0800137b   0x26  Code  Gb  usbd_req.o [1]
USBD_CtlPrepareRx       0x080015c3   0x12  Code  Gb  usbd_ioreq.o [1]
USBD_CtlReceiveStatus   0x080015f5    0xe  Code  Gb  usbd_ioreq.o [1]
USBD_CtlSendData        0x080015a1   0x12  Code  Gb  usbd_ioreq.o [1]
USBD_CtlSendStatus      0x080015e5   0x10  Code  Gb  usbd_ioreq.o [1]
USBD_DCD_INT_cb         0x20000084   0x2c  Data  Gb  usbd_core.o [1]
USBD_DCD_INT_fops       0x2000012c    0x4  Data  Gb  usbd_core.o [1]
USBD_DataInStage        0x0800170d   0x92  Code  Lc  usbd_core.o [1]
USBD_DataOutStage       0x0800169b   0x72  Code  Lc  usbd_core.o [1]
USBD_DeviceDesc         0x20000110   0x14  Data  Gb  usbd_desc.o [1]
USBD_GetDescriptor      0x08001269   0xd2  Code  Lc  usbd_req.o [1]
USBD_GetString          0x080013a1   0x44  Code  Gb  usbd_req.o [1]
USBD_Init               0x0800161b   0x34  Code  Gb  usbd_core.o [1]
USBD_IsoINIncomplete    0x0800182d    0xe  Code  Lc  usbd_core.o [1]
USBD_IsoOUTIncomplete   0x0800183b    0xe  Code  Lc  usbd_core.o [1]
USBD_LangIDDesc         0x20000130    0x4  Data  Gb  usbd_desc.o [1]
USBD_OTG_ISR_Handler    0x08000bc9  0x234  Code  Gb  usb_dcd_int.o [1]
USBD_ParseSetupRequest  0x08001341   0x3a  Code  Gb  usbd_req.o [1]
USBD_Reset              0x0800179f   0x2e  Code  Lc  usbd_core.o [1]
USBD_Resume             0x080017cd   0x16  Code  Lc  usbd_core.o [1]
USBD_SOF                0x080017f7   0x12  Code  Lc  usbd_core.o [1]
USBD_SetCfg             0x08001809   0x16  Code  Gb  usbd_core.o [1]
USBD_SetupStage         0x0800164f   0x4c  Code  Lc  usbd_core.o [1]
USBD_StdDevReq          0x08001021  0x14a  Code  Gb  usbd_req.o [1]
USBD_StdEPReq           0x0800119d   0xbc  Code  Gb  usbd_req.o [1]
USBD_StdItfReq          0x0800116b   0x32  Code  Gb  usbd_req.o [1]
USBD_StrDesc            0x20000ff8   0x34  Data  Gb  usbd_req.o [1]
USBD_Suspend            0x080017e3   0x14  Code  Lc  usbd_core.o [1]
USBD_USR_ConfigStrDescriptor
                        0x08001e4d    0x8  Code  Gb  usbd_desc.o [1]
USBD_USR_DeviceConfigured
                        0x08001017    0x2  Code  Gb  usbd_usr.o [1]
USBD_USR_DeviceConnected
                        0x08001019    0x2  Code  Gb  usbd_usr.o [1]
USBD_USR_DeviceDescriptor
                        0x08001e05    0x8  Code  Gb  usbd_desc.o [1]
USBD_USR_DeviceDisconnected
                        0x0800101b    0x2  Code  Gb  usbd_usr.o [1]
USBD_USR_DeviceReset    0x08001015    0x2  Code  Gb  usbd_usr.o [1]
USBD_USR_DeviceResumed  0x0800101f    0x2  Code  Gb  usbd_usr.o [1]
USBD_USR_DeviceSuspended
                        0x0800101d    0x2  Code  Gb  usbd_usr.o [1]
USBD_USR_Init           0x08001013    0x2  Code  Gb  usbd_usr.o [1]
USBD_USR_InterfaceStrDescriptor
                        0x08001e61    0xa  Code  Gb  usbd_desc.o [1]
USBD_USR_LangIDStrDescriptor
                        0x08001e0d    0x8  Code  Gb  usbd_desc.o [1]
USBD_USR_ManufacturerStrDescriptor
                        0x08001e27    0xa  Code  Gb  usbd_desc.o [1]
USBD_USR_ProductStrDescriptor
                        0x08001e15   0x12  Code  Gb  usbd_desc.o [1]
USBD_USR_SerialStrDescriptor
                        0x08001e31   0x12  Code  Gb  usbd_desc.o [1]
USBD_cdc_GetCfgDesc     0x08001a65    0x8  Code  Lc  usbd_cdc_core.o [1]
USBD_cfg_status         0x20001044    0x4  Data  Gb  usbd_req.o [1]
USBD_default_cfg        0x20001048    0x4  Data  Gb  usbd_req.o [1]
USBD_ep_status          0x20001054    0x4  Data  Gb  usbd_req.o [1]
USB_OTG_BSP_EnableInterrupt
                        0x08000a0f   0x2a  Code  Gb  usb_bsp.o [1]
USB_OTG_BSP_Init        0x0800096d   0x96  Code  Gb  usb_bsp.o [1]
USB_OTG_BSP_mDelay      0x08000a4d    0x8  Code  Gb  usb_bsp.o [1]
USB_OTG_BSP_uDelay      0x08000a39   0x14  Code  Gb  usb_bsp.o [1]
USB_OTG_CoreInit        0x080002dd   0xc0  Code  Gb  usb_core.o [1]
USB_OTG_CoreInitDev     0x08000479   0xfc  Code  Gb  usb_core.o [1]
USB_OTG_CoreReset       0x08000189   0x4a  Code  Lc  usb_core.o [1]
USB_OTG_DisableGlobalInt
                        0x080003a7    0x8  Code  Gb  usb_core.o [1]
USB_OTG_EP0Activate     0x080005cb   0x36  Code  Gb  usb_core.o [1]
USB_OTG_EP0StartXfer    0x080007b1   0xcc  Code  Gb  usb_core.o [1]
USB_OTG_EP0_OutStart    0x080008f5   0x20  Code  Gb  usb_core.o [1]
USB_OTG_EPActivate      0x08000601   0x62  Code  Gb  usb_core.o [1]
USB_OTG_EPClearStall    0x080008a5   0x28  Code  Gb  usb_core.o [1]
USB_OTG_EPDeactivate    0x08000663   0x2c  Code  Gb  usb_core.o [1]
USB_OTG_EPSetStall      0x0800087d   0x28  Code  Gb  usb_core.o [1]
USB_OTG_EPStartXfer     0x0800068f  0x122  Code  Gb  usb_core.o [1]
USB_OTG_EnableDevInt    0x08000575   0x2e  Code  Gb  usb_core.o [1]
USB_OTG_EnableGlobalInt
                        0x0800039d    0xa  Code  Gb  usb_core.o [1]
USB_OTG_FlushRxFifo     0x080003e3   0x24  Code  Gb  usb_core.o [1]
USB_OTG_FlushTxFifo     0x080003b5   0x2e  Code  Gb  usb_core.o [1]
USB_OTG_GetDeviceSpeed  0x080005a3   0x28  Code  Gb  usb_core.o [1]
USB_OTG_GetMode         0x08000443    0xa  Code  Gb  usb_core.o [1]
USB_OTG_InitDevSpeed    0x08000467   0x12  Code  Gb  usb_core.o [1]
USB_OTG_IsDeviceMode    0x0800044d   0x10  Code  Gb  usb_core.o [1]
USB_OTG_ReadCoreItr     0x0800045d    0xa  Code  Gb  usb_core.o [1]
USB_OTG_ReadDevAllInEPItr
                        0x080008e9    0xc  Code  Gb  usb_core.o [1]
USB_OTG_ReadDevAllOutEp_itr
                        0x080008cd    0xc  Code  Gb  usb_core.o [1]
USB_OTG_ReadDevOutEP_itr
                        0x080008d9   0x10  Code  Gb  usb_core.o [1]
USB_OTG_ReadPacket      0x080001fd   0x24  Code  Gb  usb_core.o [1]
USB_OTG_SelectCore      0x08000221   0xbc  Code  Gb  usb_core.o [1]
USB_OTG_SetCurrentMode  0x0800041d   0x26  Code  Gb  usb_core.o [1]
USB_OTG_UngateClock     0x08000951   0x1c  Code  Gb  usb_core.o [1]
USB_OTG_WritePacket     0x080001d3   0x2a  Code  Gb  usb_core.o [1]
USB_OTG_dev             0x20000948  0x5f0  Data  Gb  main.o [1]
USB_Rx_Buffer           0x20000fb8   0x40  Data  Gb  usbd_cdc_core.o [1]
USB_Tx_State            0x20000134    0x1  Data  Gb  usbd_cdc_core.o [1]
USR_cb                  0x200000cc   0x1c  Data  Gb  usbd_usr.o [1]
USR_desc                0x200000b0   0x1c  Data  Gb  usbd_desc.o [1]
UsageFault_Handler      0x08001bed    0x2  Code  Gb  main.o [1]
VCP_Ctrl                0x08001d3d   0x2c  Code  Lc  usbd_cdc_vcp.o [1]
VCP_DataRx              0x08001d9d   0x2e  Code  Lc  usbd_cdc_vcp.o [1]
VCP_DataTx              0x08001d75   0x28  Code  Lc  usbd_cdc_vcp.o [1]
VCP_DeInit              0x08001d39    0x4  Code  Lc  usbd_cdc_vcp.o [1]
VCP_Init                0x08001d35    0x4  Code  Lc  usbd_cdc_vcp.o [1]
VCP_fops                0x200000fc   0x14  Data  Gb  usbd_cdc_vcp.o [1]
VCP_get_char            0x08001dcb   0x24  Code  Gb  usbd_cdc_vcp.o [1]
VCP_put_char            0x08001d69    0xc  Code  Gb  usbd_cdc_vcp.o [1]
__cmain                 0x08001fc9         Code  Gb  cmain.o [4]
__exit                  0x08001ff9   0x14  Code  Gb  exit.o [5]
__iar_copy_init3        0x08001f51   0x2c  Code  Gb  copy_init3.o [4]
__iar_data_init3        0x08001f7d   0x28  Code  Gb  data_init.o [4]
__iar_program_start     0x0800201d         Code  Gb  cstartup_M.o [4]
__iar_zero_init3        0x08001f11   0x40  Code  Gb  zero_init3.o [4]
__low_level_init        0x08001fe3    0x4  Code  Gb  low_level_init.o [3]
__vector_table          0x08000000         Data  Gb  startup_stm32f4xx.o [1]
_call_main              0x08001fd5         Code  Gb  cmain.o [4]
_exit                   0x08001fed         Code  Gb  cexit.o [4]
_main                   0x08001fdf         Code  Gb  cmain.o [4]
cdcCmd                  0x20000004    0x4  Data  Lc  usbd_cdc_core.o [1]
cdcLen                  0x20000008    0x4  Data  Lc  usbd_cdc_core.o [1]
downTickerA             0x20001034    0x4  Data  Gb  main.o [1]
downTickerD             0x20001038    0x4  Data  Gb  main.o [1]
downTickerS             0x2000103c    0x4  Data  Gb  main.o [1]
downTickerW             0x20001030    0x4  Data  Gb  main.o [1]
exit                    0x08001fe7    0x4  Code  Gb  exit.o [3]
init                    0x08001b1b   0x72  Code  Gb  main.o [1]
linecoding              0x20000124    0x8  Data  Gb  usbd_cdc_vcp.o [1]
main                    0x08001a85   0x96  Code  Gb  main.o [1]
ticker                  0x2000102c    0x4  Data  Gb  main.o [1]
usbd_cdc_AltSet         0x20000000    0x4  Data  Lc  usbd_cdc_core.o [1]
usbd_cdc_CfgDesc        0x20000014   0x44  Data  Gb  usbd_cdc_core.o [1]
usbd_cdc_DataIn         0x0800198d   0x2e  Code  Lc  usbd_cdc_core.o [1]
usbd_cdc_DataOut        0x080019bb   0x2e  Code  Lc  usbd_cdc_core.o [1]
usbd_cdc_DeInit         0x080018a3   0x24  Code  Lc  usbd_cdc_core.o [1]
usbd_cdc_EP0_RxReady    0x0800196f   0x1e  Code  Lc  usbd_cdc_core.o [1]
usbd_cdc_Init           0x08001849   0x5a  Code  Lc  usbd_cdc_core.o [1]
usbd_cdc_SOF            0x080019e9   0x58  Code  Lc  usbd_cdc_core.o [1]
usbd_cdc_Setup          0x080018c7   0xa8  Code  Lc  usbd_cdc_core.o [1]


[1] = F:\Google Drive\THESIS !!!!\Thesis LOG 16_06_58\STM32F4-Discovery_FW_V1.1.0\Project\Peripheral_Examples\Test VCP from CooCox\EWARM\Sender\Obj
[2] = command line
[3] = dl7M_tln.a
[4] = rt7M_tl.a
[5] = shb_l.a

  8 560 bytes of readonly  code memory
    344 bytes of readonly  data memory
  5 208 bytes of readwrite data memory

Errors: none
Warnings: none
