###############################################################################
#                                                                             #
# IAR ELF Linker V6.50.3.4676/W32 for ARM               12/May/2014  14:23:36 #
# Copyright 2007-2013 IAR Systems AB.                                         #
#                                                                             #
#    Output file  =  D:\Copy\STM32F407\stsw-stm32068 example                  #
#                    project\STM32F4-Discovery_FW_V1.1.0\Project\Peripheral_E #
#                    xamples\Test UART - OK! 31-10-2556\EWARM\IO_Toggle\Exe\I #
#                    O_Toggle.out                                             #
#    Map file     =  D:\Copy\STM32F407\stsw-stm32068 example                  #
#                    project\STM32F4-Discovery_FW_V1.1.0\Project\Peripheral_E #
#                    xamples\Test UART - OK! 31-10-2556\EWARM\IO_Toggle\List\ #
#                    IO_Toggle.map                                            #
#    Command line =  "D:\Copy\STM32F407\stsw-stm32068 example                 #
#                    project\STM32F4-Discovery_FW_V1.1.0\Project\Peripheral_E #
#                    xamples\Test UART - OK! 31-10-2556\EWARM\IO_Toggle\Obj\m #
#                    ain.o" "D:\Copy\STM32F407\stsw-stm32068 example          #
#                    project\STM32F4-Discovery_FW_V1.1.0\Project\Peripheral_E #
#                    xamples\Test UART - OK! 31-10-2556\EWARM\IO_Toggle\Obj\m #
#                    isc.o" "D:\Copy\STM32F407\stsw-stm32068 example          #
#                    project\STM32F4-Discovery_FW_V1.1.0\Project\Peripheral_E #
#                    xamples\Test UART - OK! 31-10-2556\EWARM\IO_Toggle\Obj\s #
#                    tartup_stm32f4xx.o" "D:\Copy\STM32F407\stsw-stm32068     #
#                    example project\STM32F4-Discovery_FW_V1.1.0\Project\Peri #
#                    pheral_Examples\Test UART - OK!                          #
#                    31-10-2556\EWARM\IO_Toggle\Obj\stm32f4_discovery.o"      #
#                    "D:\Copy\STM32F407\stsw-stm32068 example                 #
#                    project\STM32F4-Discovery_FW_V1.1.0\Project\Peripheral_E #
#                    xamples\Test UART - OK! 31-10-2556\EWARM\IO_Toggle\Obj\s #
#                    tm32f4xx_gpio.o" "D:\Copy\STM32F407\stsw-stm32068        #
#                    example project\STM32F4-Discovery_FW_V1.1.0\Project\Peri #
#                    pheral_Examples\Test UART - OK!                          #
#                    31-10-2556\EWARM\IO_Toggle\Obj\stm32f4xx_it.o"           #
#                    "D:\Copy\STM32F407\stsw-stm32068 example                 #
#                    project\STM32F4-Discovery_FW_V1.1.0\Project\Peripheral_E #
#                    xamples\Test UART - OK! 31-10-2556\EWARM\IO_Toggle\Obj\s #
#                    tm32f4xx_rcc.o" "D:\Copy\STM32F407\stsw-stm32068         #
#                    example project\STM32F4-Discovery_FW_V1.1.0\Project\Peri #
#                    pheral_Examples\Test UART - OK!                          #
#                    31-10-2556\EWARM\IO_Toggle\Obj\stm32f4xx_usart.o"        #
#                    "D:\Copy\STM32F407\stsw-stm32068 example                 #
#                    project\STM32F4-Discovery_FW_V1.1.0\Project\Peripheral_E #
#                    xamples\Test UART - OK! 31-10-2556\EWARM\IO_Toggle\Obj\s #
#                    ystem_stm32f4xx.o" --redirect _Printf=_PrintfFull        #
#                    --redirect _Scanf=_ScanfSmall -o                         #
#                    "D:\Copy\STM32F407\stsw-stm32068 example                 #
#                    project\STM32F4-Discovery_FW_V1.1.0\Project\Peripheral_E #
#                    xamples\Test UART - OK! 31-10-2556\EWARM\IO_Toggle\Exe\I #
#                    O_Toggle.out" --map "D:\Copy\STM32F407\stsw-stm32068     #
#                    example project\STM32F4-Discovery_FW_V1.1.0\Project\Peri #
#                    pheral_Examples\Test UART - OK!                          #
#                    31-10-2556\EWARM\IO_Toggle\List\IO_Toggle.map" --config  #
#                    "D:\Copy\STM32F407\stsw-stm32068 example                 #
#                    project\STM32F4-Discovery_FW_V1.1.0\Project\Peripheral_E #
#                    xamples\Test UART - OK! 31-10-2556\EWARM\stm32f4xx_flash #
#                    .icf" --semihosting --entry __iar_program_start --vfe    #
#                                                                             #
#                                                                             #
###############################################################################

*******************************************************************************
*** RUNTIME MODEL ATTRIBUTES
***

CppFlavor                     = *
__Heap_Handler                = Basic
__SystemLibrary               = DLib
__dlib_dynamic_initialization = normal


*******************************************************************************
*** PLACEMENT SUMMARY
***

"A1":  place at 0x08000000 { ro section .intvec };
"P1":  place in [from 0x08000000 to 0x080fffff] { ro };
"P2":  place in [from 0x20000000 to 0x20020000] { rw, block CSTACK, block HEAP };

  Section             Kind        Address    Size  Object
  -------             ----        -------    ----  ------
"A1":                                       0x188
  .intvec             ro code  0x08000000   0x188  startup_stm32f4xx.o [1]
                             - 0x08000188   0x188

"P1":                                      0x26d4
  .text               ro code  0x08000188  0x10c6  xprintffull.o [3]
  .text               ro code  0x0800124e    0x20  xmbtowc.o [3]
  .text               ro code  0x0800126e    0x22  zero_init3.o [5]
  .text               ro code  0x08001290    0x16  strchr.o [5]
  .text               ro code  0x080012a8    0x36  strlen.o [5]
  .text               ro code  0x080012e0    0x58  memchr.o [5]
  .text               ro code  0x08001338     0xa  xmbcurmax.o [3]
  .text               ro code  0x08001344    0xb0  xxmemxmalloc.o [3]
  .text               ro code  0x080013f4    0x1a  xwctomb.o [3]
  .text               ro code  0x08001410    0x76  ABImemcpy.o [5]
  .text               ro code  0x08001488    0x80  xxmemxfree.o [3]
  .text               ro code  0x08001508    0xee  I64DivMod.o [5]
  .text               ro code  0x080015f8   0x1a2  DblMul.o [4]
  .text               ro code  0x0800179a    0x42  xdnorm.o [4]
  .text               ro code  0x080017dc    0x2e  DblCmpLe.o [4]
  .text               ro code  0x0800180c    0x2e  DblCmpGe.o [4]
  .text               ro code  0x0800183c   0x10c  xdscale.o [4]
  .text               ro code  0x08001948    0x58  DblToI32.o [4]
  .text               ro code  0x080019a0    0x30  I32ToDbl.o [4]
  .text               ro code  0x080019d0   0x180  DblSub.o [4]
  .text               ro code  0x08001b50   0x246  DblDiv.o [4]
  .text               ro code  0x08001d98    0x6c  localeconv.o [3]
  .text               ro code  0x08001e04     0xe  div.o [3]
  .text               ro code  0x08001e14    0x14  setlocale.o [3]
  .text               ro code  0x08001e28    0x60  xencoding_sb.o [3]
  .text               ro code  0x08001e88    0x2c  xgetmemchunk.o [3]
  .text               ro code  0x08001eb4     0x2  I64DivZer.o [5]
  .text               ro code  0x08001eb8    0xd4  DblAdd.o [4]
  .text               ro code  0x08001f8c     0x2  xtls.o [3]
  .text               ro code  0x08001f90   0x190  main.o [1]
  .text               ro code  0x08002120    0xbc  stm32f4xx_rcc.o [1]
  .text               ro code  0x080021dc    0x94  stm32f4xx_gpio.o [1]
  .text               ro code  0x08002270   0x13a  stm32f4xx_usart.o [1]
  .text               ro code  0x080023ac    0x68  misc.o [1]
  .text               ro code  0x08002414    0x24  printf.o [3]
  .text               ro code  0x08002438    0xe0  system_stm32f4xx.o [1]
  .text               ro code  0x08002518    0xb0  packbits_init.o [5]
  .text               ro code  0x080025c8     0x6  abort.o [3]
  .text               ro code  0x080025d0    0x14  exit.o [6]
  .text               ro code  0x080025e4    0x28  data_init.o [5]
  .iar.init_table     const    0x0800260c    0x2c  - Linker created -
  .text               ro code  0x08002638    0x16  cmain.o [5]
  .text               ro code  0x0800264e     0x4  low_level_init.o [3]
  .text               ro code  0x08002652     0x4  exit.o [3]
  .text               ro code  0x08002658     0xa  cexit.o [5]
  .text               ro code  0x08002662    0x16  xprout.o [3]
  .text               ro code  0x08002678     0xc  putchar.o [3]
  .text               ro code  0x08002684    0x12  stm32f4xx_it.o [1]
  .text               ro code  0x08002698    0x10  startup_stm32f4xx.o [1]
  .text               ro code  0x080026a8     0xc  cstartup_M.o [5]
  .text               ro code  0x080026b4     0x4  startup_stm32f4xx.o [1]
  .text               ro code  0x080026b8     0x4  startup_stm32f4xx.o [1]
  .text               ro code  0x080026bc     0x4  startup_stm32f4xx.o [1]
  .text               ro code  0x080026c0     0x4  startup_stm32f4xx.o [1]
  .text               ro code  0x080026c4     0x4  startup_stm32f4xx.o [1]
  .text               ro code  0x080026c8     0x4  startup_stm32f4xx.o [1]
  .text               ro code  0x080026cc     0x4  startup_stm32f4xx.o [1]
  .text               ro code  0x080026d0     0x4  startup_stm32f4xx.o [1]
  .text               ro code  0x080026d4     0x4  startup_stm32f4xx.o [1]
  .text               ro code  0x080026d8     0x4  startup_stm32f4xx.o [1]
  .text               ro code  0x080026dc     0x4  startup_stm32f4xx.o [1]
  .text               ro code  0x080026e0     0x4  startup_stm32f4xx.o [1]
  .text               ro code  0x080026e4     0x4  startup_stm32f4xx.o [1]
  .text               ro code  0x080026e8     0x4  startup_stm32f4xx.o [1]
  .text               ro code  0x080026ec     0x4  startup_stm32f4xx.o [1]
  .text               ro code  0x080026f0     0x4  startup_stm32f4xx.o [1]
  .text               ro code  0x080026f4     0x4  startup_stm32f4xx.o [1]
  .text               ro code  0x080026f8     0x4  startup_stm32f4xx.o [1]
  .text               ro code  0x080026fc     0x4  startup_stm32f4xx.o [1]
  .text               ro code  0x08002700     0x4  startup_stm32f4xx.o [1]
  .text               ro code  0x08002704     0x4  startup_stm32f4xx.o [1]
  .text               ro code  0x08002708     0x4  startup_stm32f4xx.o [1]
  .text               ro code  0x0800270c     0x4  startup_stm32f4xx.o [1]
  .text               ro code  0x08002710     0x4  startup_stm32f4xx.o [1]
  .text               ro code  0x08002714     0x4  startup_stm32f4xx.o [1]
  .text               ro code  0x08002718     0x4  startup_stm32f4xx.o [1]
  .text               ro code  0x0800271c     0x4  startup_stm32f4xx.o [1]
  .text               ro code  0x08002720     0x4  startup_stm32f4xx.o [1]
  .text               ro code  0x08002724     0x4  startup_stm32f4xx.o [1]
  .text               ro code  0x08002728     0x4  startup_stm32f4xx.o [1]
  .text               ro code  0x0800272c     0x4  startup_stm32f4xx.o [1]
  .text               ro code  0x08002730     0x4  startup_stm32f4xx.o [1]
  .text               ro code  0x08002734     0x4  startup_stm32f4xx.o [1]
  .text               ro code  0x08002738     0x4  startup_stm32f4xx.o [1]
  .text               ro code  0x0800273c     0x4  startup_stm32f4xx.o [1]
  .text               ro code  0x08002740     0x4  startup_stm32f4xx.o [1]
  .text               ro code  0x08002744     0x4  startup_stm32f4xx.o [1]
  .text               ro code  0x08002748     0x4  startup_stm32f4xx.o [1]
  .text               ro code  0x0800274c     0x4  startup_stm32f4xx.o [1]
  .text               ro code  0x08002750     0x4  startup_stm32f4xx.o [1]
  .text               ro code  0x08002754     0x4  startup_stm32f4xx.o [1]
  .text               ro code  0x08002758     0x4  startup_stm32f4xx.o [1]
  .text               ro code  0x0800275c     0x4  startup_stm32f4xx.o [1]
  .text               ro code  0x08002760     0x4  startup_stm32f4xx.o [1]
  .text               ro code  0x08002764     0x4  startup_stm32f4xx.o [1]
  .text               ro code  0x08002768     0x4  startup_stm32f4xx.o [1]
  .text               ro code  0x0800276c     0x4  startup_stm32f4xx.o [1]
  .text               ro code  0x08002770     0x4  startup_stm32f4xx.o [1]
  .text               ro code  0x08002774     0x4  startup_stm32f4xx.o [1]
  .text               ro code  0x08002778     0x4  startup_stm32f4xx.o [1]
  .text               ro code  0x0800277c     0x4  startup_stm32f4xx.o [1]
  .text               ro code  0x08002780     0x4  startup_stm32f4xx.o [1]
  .text               ro code  0x08002784     0x4  startup_stm32f4xx.o [1]
  .text               ro code  0x08002788     0x4  startup_stm32f4xx.o [1]
  .text               ro code  0x0800278c     0x4  startup_stm32f4xx.o [1]
  .text               ro code  0x08002790     0x4  startup_stm32f4xx.o [1]
  .text               ro code  0x08002794     0x4  startup_stm32f4xx.o [1]
  .text               ro code  0x08002798     0x4  startup_stm32f4xx.o [1]
  .text               ro code  0x0800279c     0x4  startup_stm32f4xx.o [1]
  .text               ro code  0x080027a0     0x4  startup_stm32f4xx.o [1]
  .text               ro code  0x080027a4     0x4  startup_stm32f4xx.o [1]
  .text               ro code  0x080027a8     0x4  startup_stm32f4xx.o [1]
  .text               ro code  0x080027ac     0x4  startup_stm32f4xx.o [1]
  .text               ro code  0x080027b0     0x4  startup_stm32f4xx.o [1]
  .text               ro code  0x080027b4     0x4  startup_stm32f4xx.o [1]
  .text               ro code  0x080027b8     0x4  startup_stm32f4xx.o [1]
  .text               ro code  0x080027bc     0x4  startup_stm32f4xx.o [1]
  .text               ro code  0x080027c0     0x4  startup_stm32f4xx.o [1]
  .text               ro code  0x080027c4     0x4  startup_stm32f4xx.o [1]
  .text               ro code  0x080027c8     0x4  startup_stm32f4xx.o [1]
  .text               ro code  0x080027cc     0x4  startup_stm32f4xx.o [1]
  .text               ro code  0x080027d0     0x4  startup_stm32f4xx.o [1]
  .text               ro code  0x080027d4     0x4  startup_stm32f4xx.o [1]
  .text               ro code  0x080027d8     0x4  startup_stm32f4xx.o [1]
  .text               ro code  0x080027dc     0x4  startup_stm32f4xx.o [1]
  .text               ro code  0x080027e0     0x4  startup_stm32f4xx.o [1]
  .text               ro code  0x080027e4     0x4  startup_stm32f4xx.o [1]
  .text               ro code  0x080027e8     0x4  startup_stm32f4xx.o [1]
  .text               ro code  0x080027ec     0x4  startup_stm32f4xx.o [1]
  .text               ro code  0x080027f0     0x4  startup_stm32f4xx.o [1]
  .text               ro code  0x080027f4     0x4  startup_stm32f4xx.o [1]
  .text               ro code  0x080027f8     0x4  startup_stm32f4xx.o [1]
  .text               ro code  0x080027fc     0x4  startup_stm32f4xx.o [1]
  .text               ro code  0x08002800     0x4  startup_stm32f4xx.o [1]
  .text               ro code  0x08002804     0x4  startup_stm32f4xx.o [1]
  .text               ro code  0x08002808     0x4  startup_stm32f4xx.o [1]
  .text               ro code  0x0800280c     0x4  startup_stm32f4xx.o [1]
  .text               ro code  0x08002810     0x4  startup_stm32f4xx.o [1]
  .text               ro code  0x08002814     0x4  startup_stm32f4xx.o [1]
  .text               ro code  0x08002818     0x4  startup_stm32f4xx.o [1]
  .text               ro code  0x0800281c     0x4  startup_stm32f4xx.o [1]
  .rodata             const    0x08002820     0x0  zero_init3.o [5]
  .rodata             const    0x08002820     0x0  packbits_init.o [5]
  Initializer bytes   ro data  0x08002820    0x3c  <for P2 s0>
                             - 0x0800285c  0x26d4

"P2", part 1 of 3:                          0x14c
  P2 s0                        0x20000000   0x14c  <Init block>
    __DLIB_PERTHREAD  inited   0x20000000    0x88  localeconv.o [3]
    __DLIB_PERTHREAD  inited   0x20000088    0x74  setlocale.o [3]
    .data             inited   0x200000fc    0x40  xfiles.o [3]
    .data             inited   0x2000013c    0x10  stm32f4xx_rcc.o [1]
                             - 0x2000014c   0x14c

"P2", part 2 of 3:                           0x74
  .bss                zero     0x2000014c    0x50  xfiles.o [3]
  .bss                zero     0x2000019c    0x14  main.o [1]
  .bss                zero     0x200001b0     0x8  xxmemxmalloc.o [3]
  .bss                zero     0x200001b8     0x4  xgetmemchunk.o [3]
                             - 0x200001bc    0x70

"P2", part 3 of 3:                          0x600
  CSTACK                       0x200001c0   0x400  <Block>
    CSTACK            uninit   0x200001c0   0x400  <Block tail>
  HEAP                         0x200005c0   0x200  <Block>
    HEAP              uninit   0x200005c0   0x200  <Block tail>
                             - 0x200007c0   0x600


*******************************************************************************
*** INIT TABLE
***

          Address     Size
          -------     ----
Zero (__iar_zero_init3)
    1 destination range, total size 0x70:
          0x2000014c   0x70

Copy/packbits (__iar_packbits_init3)
    1 source range, total size 0x3c (18% of destination):
          0x08002820   0x3c
    1 destination range, total size 0x14c:
          0x20000000  0x14c



*******************************************************************************
*** MODULE SUMMARY
***

    Module               ro code  ro data  rw data
    ------               -------  -------  -------
D:\Copy\STM32F407\stsw-stm32068 example project\STM32F4-Discovery_FW_V1.1.0\Project\Peripheral_Examples\Test UART - OK! 31-10-2556\EWARM\IO_Toggle\Obj: [1]
    main.o                   400                20
    misc.o                   104
    startup_stm32f4xx.o      772
    stm32f4xx_gpio.o         148
    stm32f4xx_it.o            18
    stm32f4xx_rcc.o          188        3       16
    stm32f4xx_usart.o        314
    system_stm32f4xx.o       224
    ----------------------------------------------
    Total:                 2 168        3       36

command line: [2]
    ----------------------------------------------
    Total:

dl7M_tlf.a: [3]
    abort.o                    6
    div.o                     14
    exit.o                     4
    localeconv.o             108       24      136
    low_level_init.o           4
    printf.o                  36
    putchar.o                 12
    setlocale.o               20       21      116
    xencoding_sb.o            96
    xfiles.o                           12      144
    xgetmemchunk.o            44                 4
    xmbcurmax.o               10
    xmbtowc.o                 32
    xprintffull.o          4 294
    xprout.o                  22
    xtls.o                     2
    xwctomb.o                 26
    xxmemxfree.o             128
    xxmemxmalloc.o           176                 8
    ----------------------------------------------
    Total:                 5 034       57      408

m7M_tl.a: [4]
    DblAdd.o                 212
    DblCmpGe.o                46
    DblCmpLe.o                46
    DblDiv.o                 582
    DblMul.o                 418
    DblSub.o                 384
    DblToI32.o                88
    I32ToDbl.o                48
    xdnorm.o                  66
    xdscale.o                268
    ----------------------------------------------
    Total:                 2 158

rt7M_tl.a: [5]
    ABImemcpy.o              118
    I64DivMod.o              238
    I64DivZer.o                2
    cexit.o                   10
    cmain.o                   22
    cstartup_M.o              12
    data_init.o               40
    memchr.o                  88
    packbits_init.o          176
    strchr.o                  22
    strlen.o                  54
    zero_init3.o              34
    ----------------------------------------------
    Total:                   816

shb_l.a: [6]
    exit.o                    20
    ----------------------------------------------
    Total:                    20

    Gaps                      32
    Linker created                     44    1 536
--------------------------------------------------
    Grand Total:          10 228      104    1 980


*******************************************************************************
*** ENTRY LIST
***

Entry                      Address   Size  Type      Object
-----                      -------   ----  ----      ------
?main                   0x08002639         Code  Gb  cmain.o [5]
ADC_IRQHandler          0x08002721         Code  Wk  startup_stm32f4xx.o [1]
APBAHBPrescTable        0x2000013c   0x10  Data  Lc  stm32f4xx_rcc.o [1]
BusFault_Handler        0x0800268b    0x2  Code  Gb  stm32f4xx_it.o [1]
CAN1_RX0_IRQHandler     0x08002729         Code  Wk  startup_stm32f4xx.o [1]
CAN1_RX1_IRQHandler     0x0800272d         Code  Wk  startup_stm32f4xx.o [1]
CAN1_SCE_IRQHandler     0x08002731         Code  Wk  startup_stm32f4xx.o [1]
CAN1_TX_IRQHandler      0x08002725         Code  Wk  startup_stm32f4xx.o [1]
CAN2_RX0_IRQHandler     0x080027d9         Code  Wk  startup_stm32f4xx.o [1]
CAN2_RX1_IRQHandler     0x080027dd         Code  Wk  startup_stm32f4xx.o [1]
CAN2_SCE_IRQHandler     0x080027e1         Code  Wk  startup_stm32f4xx.o [1]
CAN2_TX_IRQHandler      0x080027d5         Code  Wk  startup_stm32f4xx.o [1]
CRYP_IRQHandler         0x08002815         Code  Wk  startup_stm32f4xx.o [1]
CSTACK$$Base            0x200001c0          --   Gb  - Linker created -
CSTACK$$Limit           0x200005c0          --   Gb  - Linker created -
DCMI_IRQHandler         0x08002811         Code  Wk  startup_stm32f4xx.o [1]
DMA1_Stream0_IRQHandler
                        0x08002705         Code  Wk  startup_stm32f4xx.o [1]
DMA1_Stream1_IRQHandler
                        0x08002709         Code  Wk  startup_stm32f4xx.o [1]
DMA1_Stream2_IRQHandler
                        0x0800270d         Code  Wk  startup_stm32f4xx.o [1]
DMA1_Stream3_IRQHandler
                        0x08002711         Code  Wk  startup_stm32f4xx.o [1]
DMA1_Stream4_IRQHandler
                        0x08002715         Code  Wk  startup_stm32f4xx.o [1]
DMA1_Stream5_IRQHandler
                        0x08002719         Code  Wk  startup_stm32f4xx.o [1]
DMA1_Stream6_IRQHandler
                        0x0800271d         Code  Wk  startup_stm32f4xx.o [1]
DMA1_Stream7_IRQHandler
                        0x08002795         Code  Wk  startup_stm32f4xx.o [1]
DMA2_Stream0_IRQHandler
                        0x080027b9         Code  Wk  startup_stm32f4xx.o [1]
DMA2_Stream1_IRQHandler
                        0x080027bd         Code  Wk  startup_stm32f4xx.o [1]
DMA2_Stream2_IRQHandler
                        0x080027c1         Code  Wk  startup_stm32f4xx.o [1]
DMA2_Stream3_IRQHandler
                        0x080027c5         Code  Wk  startup_stm32f4xx.o [1]
DMA2_Stream4_IRQHandler
                        0x080027c9         Code  Wk  startup_stm32f4xx.o [1]
DMA2_Stream5_IRQHandler
                        0x080027e9         Code  Wk  startup_stm32f4xx.o [1]
DMA2_Stream6_IRQHandler
                        0x080027ed         Code  Wk  startup_stm32f4xx.o [1]
DMA2_Stream7_IRQHandler
                        0x080027f1         Code  Wk  startup_stm32f4xx.o [1]
DebugMon_Handler        0x08002691    0x2  Code  Gb  stm32f4xx_it.o [1]
ETH_IRQHandler          0x080027cd         Code  Wk  startup_stm32f4xx.o [1]
ETH_WKUP_IRQHandler     0x080027d1         Code  Wk  startup_stm32f4xx.o [1]
EXTI0_IRQHandler        0x080026f1         Code  Wk  startup_stm32f4xx.o [1]
EXTI15_10_IRQHandler    0x08002779         Code  Wk  startup_stm32f4xx.o [1]
EXTI1_IRQHandler        0x080026f5         Code  Wk  startup_stm32f4xx.o [1]
EXTI2_IRQHandler        0x080026f9         Code  Wk  startup_stm32f4xx.o [1]
EXTI3_IRQHandler        0x080026fd         Code  Wk  startup_stm32f4xx.o [1]
EXTI4_IRQHandler        0x08002701         Code  Wk  startup_stm32f4xx.o [1]
EXTI9_5_IRQHandler      0x08002735         Code  Wk  startup_stm32f4xx.o [1]
FLASH_IRQHandler        0x080026e9         Code  Wk  startup_stm32f4xx.o [1]
FPU_IRQHandler          0x0800281d         Code  Wk  startup_stm32f4xx.o [1]
FSMC_IRQHandler         0x08002799         Code  Wk  startup_stm32f4xx.o [1]
GPIO_Init               0x080021dd   0x70  Code  Gb  stm32f4xx_gpio.o [1]
GPIO_PinAFConfig        0x0800224d   0x24  Code  Gb  stm32f4xx_gpio.o [1]
HASH_RNG_IRQHandler     0x08002819         Code  Wk  startup_stm32f4xx.o [1]
HEAP$$Base              0x200005c0          --   Gb  - Linker created -
HEAP$$Limit             0x200007c0          --   Gb  - Linker created -
HardFault_Handler       0x08002687    0x2  Code  Gb  stm32f4xx_it.o [1]
I2C1_ER_IRQHandler      0x08002759         Code  Wk  startup_stm32f4xx.o [1]
I2C1_EV_IRQHandler      0x08002755         Code  Wk  startup_stm32f4xx.o [1]
I2C2_ER_IRQHandler      0x08002761         Code  Wk  startup_stm32f4xx.o [1]
I2C2_EV_IRQHandler      0x0800275d         Code  Wk  startup_stm32f4xx.o [1]
I2C3_ER_IRQHandler      0x080027fd         Code  Wk  startup_stm32f4xx.o [1]
I2C3_EV_IRQHandler      0x080027f9         Code  Wk  startup_stm32f4xx.o [1]
InStream_Read           0x08002519   0x22  Code  Lc  packbits_init.o [5]
MemManage_Handler       0x08002689    0x2  Code  Gb  stm32f4xx_it.o [1]
NMI_Handler             0x08002685    0x2  Code  Gb  stm32f4xx_it.o [1]
NVIC_Init               0x080023ad   0x58  Code  Gb  misc.o [1]
OTG_FS_IRQHandler       0x080027e5         Code  Wk  startup_stm32f4xx.o [1]
OTG_FS_WKUP_IRQHandler  0x08002781         Code  Wk  startup_stm32f4xx.o [1]
OTG_HS_EP1_IN_IRQHandler
                        0x08002805         Code  Wk  startup_stm32f4xx.o [1]
OTG_HS_EP1_OUT_IRQHandler
                        0x08002801         Code  Wk  startup_stm32f4xx.o [1]
OTG_HS_IRQHandler       0x0800280d         Code  Wk  startup_stm32f4xx.o [1]
OTG_HS_WKUP_IRQHandler  0x08002809         Code  Wk  startup_stm32f4xx.o [1]
PVD_IRQHandler          0x080026dd         Code  Wk  startup_stm32f4xx.o [1]
PendSV_Handler          0x08002693    0x2  Code  Gb  stm32f4xx_it.o [1]
RCC_AHB1PeriphClockCmd  0x080021a1   0x12  Code  Gb  stm32f4xx_rcc.o [1]
RCC_APB2PeriphClockCmd  0x080021b3   0x12  Code  Gb  stm32f4xx_rcc.o [1]
RCC_GetClocksFreq       0x08002121   0x80  Code  Gb  stm32f4xx_rcc.o [1]
RCC_IRQHandler          0x080026ed         Code  Wk  startup_stm32f4xx.o [1]
RTC_Alarm_IRQHandler    0x0800277d         Code  Wk  startup_stm32f4xx.o [1]
RTC_WKUP_IRQHandler     0x080026e5         Code  Wk  startup_stm32f4xx.o [1]
Region$$Table$$Base     0x0800260c          --   Gb  - Linker created -
Region$$Table$$Limit    0x08002638          --   Gb  - Linker created -
Reset_Handler           0x08002699         Code  Wk  startup_stm32f4xx.o [1]
SDIO_IRQHandler         0x0800279d         Code  Wk  startup_stm32f4xx.o [1]
SPI1_IRQHandler         0x08002765         Code  Wk  startup_stm32f4xx.o [1]
SPI2_IRQHandler         0x08002769         Code  Wk  startup_stm32f4xx.o [1]
SPI3_IRQHandler         0x080027a5         Code  Wk  startup_stm32f4xx.o [1]
SVC_Handler             0x0800268f    0x2  Code  Gb  stm32f4xx_it.o [1]
SysTick_Handler         0x08002695    0x2  Code  Gb  stm32f4xx_it.o [1]
SystemInit              0x08002439   0xc4  Code  Gb  system_stm32f4xx.o [1]
TAMP_STAMP_IRQHandler   0x080026e1         Code  Wk  startup_stm32f4xx.o [1]
TIM1_BRK_TIM9_IRQHandler
                        0x08002739         Code  Wk  startup_stm32f4xx.o [1]
TIM1_CC_IRQHandler      0x08002745         Code  Wk  startup_stm32f4xx.o [1]
TIM1_TRG_COM_TIM11_IRQHandler
                        0x08002741         Code  Wk  startup_stm32f4xx.o [1]
TIM1_UP_TIM10_IRQHandler
                        0x0800273d         Code  Wk  startup_stm32f4xx.o [1]
TIM2_IRQHandler         0x08002749         Code  Wk  startup_stm32f4xx.o [1]
TIM3_IRQHandler         0x0800274d         Code  Wk  startup_stm32f4xx.o [1]
TIM4_IRQHandler         0x08002751         Code  Wk  startup_stm32f4xx.o [1]
TIM5_IRQHandler         0x080027a1         Code  Wk  startup_stm32f4xx.o [1]
TIM6_DAC_IRQHandler     0x080027b1         Code  Wk  startup_stm32f4xx.o [1]
TIM7_IRQHandler         0x080027b5         Code  Wk  startup_stm32f4xx.o [1]
TIM8_BRK_TIM12_IRQHandler
                        0x08002785         Code  Wk  startup_stm32f4xx.o [1]
TIM8_CC_IRQHandler      0x08002791         Code  Wk  startup_stm32f4xx.o [1]
TIM8_TRG_COM_TIM14_IRQHandler
                        0x0800278d         Code  Wk  startup_stm32f4xx.o [1]
TIM8_UP_TIM13_IRQHandler
                        0x08002789         Code  Wk  startup_stm32f4xx.o [1]
UART4_IRQHandler        0x080027a9         Code  Wk  startup_stm32f4xx.o [1]
UART5_IRQHandler        0x080027ad         Code  Wk  startup_stm32f4xx.o [1]
USART1_IRQHandler       0x0800209f   0x3a  Code  Gb  main.o [1]
USART2_IRQHandler       0x08002771         Code  Wk  startup_stm32f4xx.o [1]
USART3_IRQHandler       0x08002775         Code  Wk  startup_stm32f4xx.o [1]
USART6_IRQHandler       0x080027f5         Code  Wk  startup_stm32f4xx.o [1]
USART_Cmd               0x08002315   0x14  Code  Gb  stm32f4xx_usart.o [1]
USART_GetFlagStatus     0x08002361    0xe  Code  Gb  stm32f4xx_usart.o [1]
USART_GetITStatus       0x0800236f   0x3c  Code  Gb  stm32f4xx_usart.o [1]
USART_ITConfig          0x08002331   0x30  Code  Gb  stm32f4xx_usart.o [1]
USART_Init              0x08002271   0x9a  Code  Gb  stm32f4xx_usart.o [1]
USART_SendData          0x08002329    0x8  Code  Gb  stm32f4xx_usart.o [1]
USART_puts              0x08002031   0x22  Code  Gb  main.o [1]
UsageFault_Handler      0x0800268d    0x2  Code  Gb  stm32f4xx_it.o [1]
WWDG_IRQHandler         0x080026d9         Code  Wk  startup_stm32f4xx.o [1]
_EncodingSb_Mbtowc      0x08001e43   0x30  Code  Gb  xencoding_sb.o [3]
_EncodingSb_Wctomb      0x08001e29   0x1a  Code  Gb  xencoding_sb.o [3]
_GenldFull              0x08000fbd  0x248  Code  Lc  xprintffull.o [3]
_IsdstStr               0x2000008c    0x4  Data  Gb  setlocale.o [3]
_LdtobFull              0x08000bf5  0x3c2  Code  Lc  xprintffull.o [3]
_LitobFull              0x08000a97  0x10c  Code  Lc  xprintffull.o [3]
_LocaleEncoding         0x08001e15    0xe  Code  Gb  setlocale.o [3]
_LocaleReturnString     0x200000ac   0x50  Data  Lc  setlocale.o [3]
_Locale_Profile         0x20000090   0x1c  Data  Gb  setlocale.o [3]
_Locale_aeabi_lconv     0x20000050   0x38  Data  Gb  localeconv.o [3]
_Locale_lconv           0x20000000   0x50  Data  Gb  localeconv.o [3]
_Mbtowc                 0x0800124f   0x20  Code  Gb  xmbtowc.o [3]
_PrintfFull             0x08000189  0x5b6  Code  Gb  xprintffull.o [3]
_Prout                  0x08002663   0x16  Code  Gb  xprout.o [3]
_PutcharsFull           0x08001205   0x2e  Code  Lc  xprintffull.o [3]
_PutstrFull             0x08000755  0x33c  Code  Lc  xprintffull.o [3]
_TzoneStr               0x20000088    0x4  Data  Gb  setlocale.o [3]
_Wctomb                 0x080013f5   0x1a  Code  Gb  xwctomb.o [3]
__aeabi_cdcmple         0x080017dd         Code  Gb  DblCmpLe.o [4]
__aeabi_cdrcmple        0x0800180d         Code  Gb  DblCmpGe.o [4]
__aeabi_d2iz            0x08001949         Code  Gb  DblToI32.o [4]
__aeabi_d2uiz           0x08001975         Code  Gb  DblToI32.o [4]
__aeabi_ddiv            0x08001b51         Code  Gb  DblDiv.o [4]
__aeabi_dmul            0x080015f9         Code  Gb  DblMul.o [4]
__aeabi_dsub            0x080019d1         Code  Gb  DblSub.o [4]
__aeabi_i2d             0x080019a1         Code  Gb  I32ToDbl.o [4]
__aeabi_ldiv0           0x08001eb5         Code  Gb  I64DivZer.o [5]
__aeabi_memcpy          0x08001411         Code  Gb  ABImemcpy.o [5]
__aeabi_memcpy4         0x08001431         Code  Gb  ABImemcpy.o [5]
__aeabi_memcpy8         0x08001431         Code  Gb  ABImemcpy.o [5]
__aeabi_ui2d            0x080019b5         Code  Gb  I32ToDbl.o [4]
__aeabi_uldivmod        0x08001509         Code  Gb  I64DivMod.o [5]
__cmain                 0x08002639         Code  Gb  cmain.o [5]
__data_Aldata           0x200001b0    0x8  Data  Gb  xxmemxmalloc.o [3]
__data_GetMemChunk      0x08001e89   0x2c  Code  Gb  xgetmemchunk.o [3]
__exit                  0x080025d1   0x14  Code  Gb  exit.o [6]
__iar_Dnorm             0x0800179b   0x42  Code  Gb  xdnorm.o [4]
__iar_Dscale            0x0800183d  0x10c  Code  Gb  xdscale.o [4]
__iar_Locale_lconv_init
                        0x08001d99   0x3a  Code  Gb  localeconv.o [3]
__iar_Mbcurmax          0x08001339    0xa  Code  Gb  xmbcurmax.o [3]
__iar_Memchr            0x080012e1         Code  Gb  memchr.o [5]
__iar_Stdout            0x200000fc   0x40  Data  Gb  xfiles.o [3]
__iar_Strchr            0x08001291         Code  Gb  strchr.o [5]
__iar_d2uiz             0x08001981         Code  Gb  DblToI32.o [4]
__iar_dadd              0x08001eb9         Code  Gb  DblAdd.o [4]
__iar_data_init3        0x080025e5   0x28  Code  Gb  data_init.o [5]
__iar_dlib_perthread_access
                        0x08001f8d    0x2  Code  Gb  xtls.o [3]
__iar_dsub              0x080019e5         Code  Gb  DblSub.o [4]
__iar_dsubStart         0x080019f7         Code  Gb  DblSub.o [4]
__iar_packbits_init3    0x0800253b   0x8e  Code  Gb  packbits_init.o [5]
__iar_program_start     0x080026a9         Code  Gb  cstartup_M.o [5]
__iar_ui2d              0x080019b9         Code  Gb  I32ToDbl.o [4]
__iar_zero_init3        0x0800126f   0x22  Code  Gb  zero_init3.o [5]
__low_level_init        0x0800264f    0x4  Code  Gb  low_level_init.o [3]
__vector_table          0x08000000         Data  Gb  startup_stm32f4xx.o [1]
_call_main              0x08002645         Code  Gb  cmain.o [5]
_exit                   0x08002659         Code  Gb  cexit.o [5]
_main                   0x0800264b         Code  Gb  cmain.o [5]
abort                   0x080025c9    0x6  Code  Gb  abort.o [3]
div                     0x08001e05    0xe  Code  Gb  div.o [3]
exit                    0x08002653    0x4  Code  Gb  exit.o [3]
fputc                   0x08002081   0x1e  Code  Gb  main.o [1]
free                    0x08001489   0x7a  Code  Gb  xxmemxfree.o [3]
init_USART1             0x08001f91   0xa0  Code  Gb  main.o [1]
localeconv              0x08001dd3   0x16  Code  Gb  localeconv.o [3]
main                    0x08002053   0x2e  Code  Gb  main.o [1]
malloc                  0x08001345   0xac  Code  Gb  xxmemxmalloc.o [3]
memchr                  0x080012e1         Code  Gb  memchr.o [5]
obuf                    0x2000014c   0x50  Data  Lc  xfiles.o [3]
printf                  0x08002415   0x24  Code  Gb  printf.o [3]
putchar                 0x08002679    0xc  Code  Gb  putchar.o [3]
received_string         0x200001a0   0x10  Data  Gb  main.o [1]
scale                   0x08000ba9   0x46  Code  Lc  xprintffull.o [3]
strchr                  0x08001291         Code  Gb  strchr.o [5]
strlen                  0x080012a9         Code  Gb  strlen.o [5]


[1] = D:\Copy\STM32F407\stsw-stm32068 example project\STM32F4-Discovery_FW_V1.1.0\Project\Peripheral_Examples\Test UART - OK! 31-10-2556\EWARM\IO_Toggle\Obj
[2] = command line
[3] = dl7M_tlf.a
[4] = m7M_tl.a
[5] = rt7M_tl.a
[6] = shb_l.a

  10 228 bytes of readonly  code memory
     104 bytes of readonly  data memory
   1 980 bytes of readwrite data memory

Errors: none
Warnings: none
